Archive member included to satisfy reference by file (symbol)

d:/oliver/embedded systems/embedded programs/imt programs/imt_sdk_win_64/winarm/armgcc/bin/../lib/gcc/arm-none-eabi/7.2.1/thumb/v7-m\libgcc.a(_arm_addsubdf3.o)
                              ./src/SysTick_Program.o (__aeabi_dsub)
d:/oliver/embedded systems/embedded programs/imt programs/imt_sdk_win_64/winarm/armgcc/bin/../lib/gcc/arm-none-eabi/7.2.1/thumb/v7-m\libgcc.a(_arm_muldivdf3.o)
                              ./src/SysTick_Program.o (__aeabi_dmul)
d:/oliver/embedded systems/embedded programs/imt programs/imt_sdk_win_64/winarm/armgcc/bin/../lib/gcc/arm-none-eabi/7.2.1/thumb/v7-m\libgcc.a(_arm_fixunsdfsi.o)
                              ./src/SysTick_Program.o (__aeabi_d2uiz)
d:/oliver/embedded systems/embedded programs/imt programs/imt_sdk_win_64/winarm/armgcc/bin/../lib/gcc/arm-none-eabi/7.2.1/../../../../arm-none-eabi/lib/thumb/v7-m\libg_nano.a(lib_a-errno.o)
                              ./system/src/newlib/_sbrk.o (__errno)
d:/oliver/embedded systems/embedded programs/imt programs/imt_sdk_win_64/winarm/armgcc/bin/../lib/gcc/arm-none-eabi/7.2.1/../../../../arm-none-eabi/lib/thumb/v7-m\libg_nano.a(lib_a-impure.o)
                              d:/oliver/embedded systems/embedded programs/imt programs/imt_sdk_win_64/winarm/armgcc/bin/../lib/gcc/arm-none-eabi/7.2.1/../../../../arm-none-eabi/lib/thumb/v7-m\libg_nano.a(lib_a-errno.o) (_impure_ptr)
d:/oliver/embedded systems/embedded programs/imt programs/imt_sdk_win_64/winarm/armgcc/bin/../lib/gcc/arm-none-eabi/7.2.1/../../../../arm-none-eabi/lib/thumb/v7-m\libg_nano.a(lib_a-strlen.o)
                              ./system/src/diag/Trace.o (strlen)
d:/oliver/embedded systems/embedded programs/imt programs/imt_sdk_win_64/winarm/armgcc/bin/../lib/gcc/arm-none-eabi/7.2.1/../../../../arm-none-eabi/lib/thumb/v7-m\libg_nano.a(lib_a-vsnprintf.o)
                              ./system/src/diag/Trace.o (vsnprintf)
d:/oliver/embedded systems/embedded programs/imt programs/imt_sdk_win_64/winarm/armgcc/bin/../lib/gcc/arm-none-eabi/7.2.1/../../../../arm-none-eabi/lib/thumb/v7-m\libg_nano.a(lib_a-nano-svfprintf.o)
                              d:/oliver/embedded systems/embedded programs/imt programs/imt_sdk_win_64/winarm/armgcc/bin/../lib/gcc/arm-none-eabi/7.2.1/../../../../arm-none-eabi/lib/thumb/v7-m\libg_nano.a(lib_a-vsnprintf.o) (_svfprintf_r)
d:/oliver/embedded systems/embedded programs/imt programs/imt_sdk_win_64/winarm/armgcc/bin/../lib/gcc/arm-none-eabi/7.2.1/../../../../arm-none-eabi/lib/thumb/v7-m\libg_nano.a(lib_a-nano-vfprintf_i.o)
                              d:/oliver/embedded systems/embedded programs/imt programs/imt_sdk_win_64/winarm/armgcc/bin/../lib/gcc/arm-none-eabi/7.2.1/../../../../arm-none-eabi/lib/thumb/v7-m\libg_nano.a(lib_a-nano-svfprintf.o) (_printf_i)
d:/oliver/embedded systems/embedded programs/imt programs/imt_sdk_win_64/winarm/armgcc/bin/../lib/gcc/arm-none-eabi/7.2.1/../../../../arm-none-eabi/lib/thumb/v7-m\libg_nano.a(lib_a-memchr-stub.o)
                              d:/oliver/embedded systems/embedded programs/imt programs/imt_sdk_win_64/winarm/armgcc/bin/../lib/gcc/arm-none-eabi/7.2.1/../../../../arm-none-eabi/lib/thumb/v7-m\libg_nano.a(lib_a-nano-svfprintf.o) (memchr)
d:/oliver/embedded systems/embedded programs/imt programs/imt_sdk_win_64/winarm/armgcc/bin/../lib/gcc/arm-none-eabi/7.2.1/../../../../arm-none-eabi/lib/thumb/v7-m\libg_nano.a(lib_a-memcpy-stub.o)
                              d:/oliver/embedded systems/embedded programs/imt programs/imt_sdk_win_64/winarm/armgcc/bin/../lib/gcc/arm-none-eabi/7.2.1/../../../../arm-none-eabi/lib/thumb/v7-m\libg_nano.a(lib_a-nano-svfprintf.o) (memcpy)
d:/oliver/embedded systems/embedded programs/imt programs/imt_sdk_win_64/winarm/armgcc/bin/../lib/gcc/arm-none-eabi/7.2.1/../../../../arm-none-eabi/lib/thumb/v7-m\libg_nano.a(lib_a-memmove.o)
                              d:/oliver/embedded systems/embedded programs/imt programs/imt_sdk_win_64/winarm/armgcc/bin/../lib/gcc/arm-none-eabi/7.2.1/../../../../arm-none-eabi/lib/thumb/v7-m\libg_nano.a(lib_a-nano-svfprintf.o) (memmove)
d:/oliver/embedded systems/embedded programs/imt programs/imt_sdk_win_64/winarm/armgcc/bin/../lib/gcc/arm-none-eabi/7.2.1/../../../../arm-none-eabi/lib/thumb/v7-m\libg_nano.a(lib_a-nano-freer.o)
                              d:/oliver/embedded systems/embedded programs/imt programs/imt_sdk_win_64/winarm/armgcc/bin/../lib/gcc/arm-none-eabi/7.2.1/../../../../arm-none-eabi/lib/thumb/v7-m\libg_nano.a(lib_a-nano-svfprintf.o) (_free_r)
d:/oliver/embedded systems/embedded programs/imt programs/imt_sdk_win_64/winarm/armgcc/bin/../lib/gcc/arm-none-eabi/7.2.1/../../../../arm-none-eabi/lib/thumb/v7-m\libg_nano.a(lib_a-nano-mallocr.o)
[...]
Memory Configuration

Name             Origin             Length             Attributes
RAM              0x20000000         0x00005000         xrw
CCMRAM           0x00000000         0x00000000         xrw
FLASH            0x08000000         0x00010000         xr
FLASHB1          0x00000000         0x00000000         xr
EXTMEMB0         0x00000000         0x00000000         xr
EXTMEMB1         0x00000000         0x00000000         xr
EXTMEMB2         0x00000000         0x00000000         xr
EXTMEMB3         0x00000000         0x00000000         xr
MEMORY_ARRAY     0x00000000         0x00000000         xrw
*default*        0x00000000         0xffffffff

Linker script and memory map

LOAD ./system/src/stm32f1-stdperiph/misc.o
LOAD ./system/src/stm32f1-stdperiph/stm32f10x_gpio.o
LOAD ./system/src/stm32f1-stdperiph/stm32f10x_rcc.o
LOAD ./system/src/newlib/_cxx.o
LOAD ./system/src/newlib/_exit.o
LOAD ./system/src/newlib/_sbrk.o
LOAD ./system/src/newlib/_startup.o
LOAD ./system/src/newlib/_syscalls.o
LOAD ./system/src/newlib/assert.o
LOAD ./system/src/diag/Trace.o
LOAD ./system/src/diag/trace_impl.o
LOAD ./system/src/cortexm/_initialize_hardware.o
LOAD ./system/src/cortexm/_reset_hardware.o
LOAD ./system/src/cortexm/exception_handlers.o
LOAD ./system/src/cmsis/system_stm32f10x.o
LOAD ./system/src/cmsis/vectors_stm32f10x.o
LOAD ./src/AFIO_Program.o
LOAD ./src/App.o
LOAD ./src/GPIO_Program.o
LOAD ./src/NVIC_Program.o
LOAD ./src/RCC_Program.o
LOAD ./src/SPI.o
LOAD ./src/SysTick_Program.o
LOAD ./src/TFT.o
LOAD d:/oliver/embedded systems/embedded programs/imt programs/imt_sdk_win_64/winarm/armgcc/bin/../lib/gcc/arm-none-eabi/7.2.1/../../../../arm-none-eabi/lib/thumb/v7-m\libstdc++_nano.a
LOAD d:/oliver/embedded systems/embedded programs/imt programs/imt_sdk_win_64/winarm/armgcc/bin/../lib/gcc/arm-none-eabi/7.2.1/../../../../arm-none-eabi/lib/thumb/v7-m\libm.a
START GROUP
LOAD d:/oliver/embedded systems/embedded programs/imt programs/imt_sdk_win_64/winarm/armgcc/bin/../lib/gcc/arm-none-eabi/7.2.1/thumb/v7-m\libgcc.a
LOAD d:/oliver/embedded systems/embedded programs/imt programs/imt_sdk_win_64/winarm/armgcc/bin/../lib/gcc/arm-none-eabi/7.2.1/../../../../arm-none-eabi/lib/thumb/v7-m\libg_nano.a
LOAD d:/oliver/embedded systems/embedded programs/imt programs/imt_sdk_win_64/winarm/armgcc/bin/../lib/gcc/arm-none-eabi/7.2.1/../../../../arm-none-eabi/lib/thumb/v7-m\libc_nano.a
END GROUP
START GROUP
LOAD d:/oliver/embedded systems/embedded programs/imt programs/imt_sdk_win_64/winarm/armgcc/bin/../lib/gcc/arm-none-eabi/7.2.1/thumb/v7-m\libgcc.a
LOAD d:/oliver/embedded systems/embedded programs/imt programs/imt_sdk_win_64/winarm/armgcc/bin/../lib/gcc/arm-none-eabi/7.2.1/../../../../arm-none-eabi/lib/thumb/v7-m\libc_nano.a
END GROUP
                0x20005000                __stack = (ORIGIN (RAM) + LENGTH (RAM))
                0x20005000                _estack = __stack
                0x00000400                __Main_Stack_Size = 0x400
                [!provide]                PROVIDE (_Main_Stack_Size, __Main_Stack_Size)
                0x20004c00                __Main_Stack_Limit = (__stack - __Main_Stack_Size)
                [!provide]                PROVIDE (_Main_Stack_Limit, __Main_Stack_Limit)
                0x00000100                _Minimum_Stack_Size = 0x100
                0x20000148                PROVIDE (_Heap_Begin, _end_noinit)
                0x20004c00                PROVIDE (_Heap_Limit, (__stack - __Main_Stack_Size))

.isr_vector     0x08000000      0x350
 FILL mask 0xff
                0x08000000                __vectors_start = ABSOLUTE (.)
                0x08000000                __vectors_start__ = ABSOLUTE (.)
 *(.isr_vector)
 .isr_vector    0x08000000      0x10c ./system/src/cmsis/vectors_stm32f10x.o
                0x08000000                __isr_vectors
 *(.cfmconfig)
 *(.after_vectors .after_vectors.*)
 .after_vectors
                0x0800010c      0x114 ./system/src/newlib/_startup.o
                0x0800010c                _start
 .after_vectors
                0x08000220      0x12c ./system/src/cortexm/exception_handlers.o
                0x08000220                Reset_Handler
                0x08000226                NMI_Handler
                0x0800022a                HardFault_Handler
                0x0800023e                HardFault_Handler_C
                0x0800029c                MemManage_Handler
                0x080002a0                BusFault_Handler
                0x080002b4                BusFault_Handler_C
                0x080002e8                UsageFault_Handler
                0x080002fc                UsageFault_Handler_C
                0x08000330                SVC_Handler
                0x08000334                DebugMon_Handler
                0x08000338                PendSV_Handler
 .after_vectors
                0x0800034c        0x4 ./system/src/cmsis/vectors_stm32f10x.o
                0x0800034c                EXTI2_IRQHandler
                0x0800034c                TIM8_TRG_COM_IRQHandler
                0x0800034c                TIM8_CC_IRQHandler
                0x0800034c                TIM1_CC_IRQHandler
                0x0800034c                TIM6_IRQHandler
                0x0800034c                PVD_IRQHandler
                0x0800034c                SDIO_IRQHandler
                0x0800034c                CAN2_RX1_IRQHandler
                0x0800034c                EXTI3_IRQHandler
                0x0800034c                TIM8_TRG_COM_TIM14_IRQHandler
                0x0800034c                TIM1_UP_TIM10_IRQHandler
                0x0800034c                TIM8_UP_TIM13_IRQHandler
                0x0800034c                EXTI0_IRQHandler
                0x0800034c                I2C2_EV_IRQHandler
                0x0800034c                CAN1_RX0_IRQHandler
                0x0800034c                TIM1_UP_TIM16_IRQHandler
                0x0800034c                CAN2_SCE_IRQHandler
                0x0800034c                ADC1_2_IRQHandler
                0x0800034c                SPI1_IRQHandler
                0x0800034c                TAMPER_IRQHandler
                0x0800034c                TIM6_DAC_IRQHandler
                0x0800034c                TIM1_BRK_TIM9_IRQHandler
                0x0800034c                CAN2_RX0_IRQHandler
                0x0800034c                TIM8_UP_IRQHandler
                0x0800034c                DMA2_Channel2_IRQHandler
                0x0800034c                DMA1_Channel4_IRQHandler
                0x0800034c                USART3_IRQHandler
                0x0800034c                RTC_IRQHandler
                0x0800034c                DMA1_Channel7_IRQHandler
                0x0800034c                CAN1_RX1_IRQHandler
                0x0800034c                UART5_IRQHandler
                0x0800034c                ADC3_IRQHandler
                0x0800034c                TIM4_IRQHandler
                0x0800034c                DMA2_Channel1_IRQHandler
                0x0800034c                I2C1_EV_IRQHandler
                0x0800034c                DMA1_Channel6_IRQHandler
                0x0800034c                UART4_IRQHandler
                0x0800034c                DMA2_Channel4_IRQHandler
                0x0800034c                TIM3_IRQHandler
                0x0800034c                RCC_IRQHandler
                0x0800034c                TIM8_BRK_TIM12_IRQHandler
                0x0800034c                TIM1_TRG_COM_IRQHandler
                0x0800034c                DMA1_Channel1_IRQHandler
                0x0800034c                Default_Handler
                0x0800034c                CEC_IRQHandler
                0x0800034c                EXTI15_10_IRQHandler
                0x0800034c                TIM14_IRQHandler
                0x0800034c                TIM13_IRQHandler
                0x0800034c                TIM12_IRQHandler
                0x0800034c                TIM7_IRQHandler
                0x0800034c                CAN2_TX_IRQHandler
                0x0800034c                TIM5_IRQHandler
                0x0800034c                EXTI9_5_IRQHandler
                0x0800034c                ETH_WKUP_IRQHandler
                0x0800034c                SPI2_IRQHandler
                0x0800034c                CAN1_TX_IRQHandler
                0x0800034c                DMA2_Channel5_IRQHandler
                0x0800034c                DMA1_Channel5_IRQHandler
                0x0800034c                EXTI4_IRQHandler
                0x0800034c                USB_LP_CAN1_RX0_IRQHandler
                0x0800034c                TIM1_TRG_COM_TIM17_IRQHandler
                0x0800034c                USB_HP_CAN1_TX_IRQHandler
                0x0800034c                DMA1_Channel3_IRQHandler
                0x0800034c                FSMC_IRQHandler
                0x0800034c                ETH_IRQHandler
                0x0800034c                TIM1_UP_IRQHandler
                0x0800034c                WWDG_IRQHandler
                0x0800034c                TIM2_IRQHandler
                0x0800034c                OTG_FS_WKUP_IRQHandler
                0x0800034c                TIM1_TRG_COM_TIM11_IRQHandler
                0x0800034c                TIM1_BRK_IRQHandler
                0x0800034c                EXTI1_IRQHandler
                0x0800034c                RTCAlarm_IRQHandler
                0x0800034c                DMA2_Channel4_5_IRQHandler
                0x0800034c                USART2_IRQHandler
                0x0800034c                I2C2_ER_IRQHandler
                0x0800034c                DMA1_Channel2_IRQHandler
                0x0800034c                TIM8_BRK_IRQHandler
                0x0800034c                CAN1_SCE_IRQHandler
                0x0800034c                FLASH_IRQHandler
                0x0800034c                USART1_IRQHandler
                0x0800034c                OTG_FS_IRQHandler
                0x0800034c                SPI3_IRQHandler
                0x0800034c                I2C1_ER_IRQHandler
                0x0800034c                USBWakeUp_IRQHandler
                0x0800034c                DMA2_Channel3_IRQHandler
                0x0800034c                TIM1_BRK_TIM15_IRQHandler

.inits          0x08000350       0x28
                0x08000350                __data_regions_array_start = .
                0x08000350        0x4 LONG 0x800c50c LOADADDR (.data)
                0x08000354        0x4 LONG 0x20000000 ADDR (.data)
                0x08000358        0x4 LONG 0x200000a8 (ADDR (.data) + SIZEOF (.data))
                0x0800035c        0x4 LONG 0x800c50c LOADADDR (.data_CCMRAM)
                0x08000360        0x4 LONG 0x0 ADDR (.data_CCMRAM)
                0x08000364        0x4 LONG 0x0 (ADDR (.data_CCMRAM) + SIZEOF (.data_CCMRAM))
                0x08000368                __data_regions_array_end = .
                0x08000368                __bss_regions_array_start = .
                0x08000368        0x4 LONG 0x200000a8 ADDR (.bss)
                0x0800036c        0x4 LONG 0x20000148 (ADDR (.bss) + SIZEOF (.bss))
                0x08000370        0x4 LONG 0x0 ADDR (.bss_CCMRAM)
                0x08000374        0x4 LONG 0x0 (ADDR (.bss_CCMRAM) + SIZEOF (.bss_CCMRAM))
                0x08000378                __bss_regions_array_end = .
 *(.init)
 *(.fini)
                0x08000378                . = ALIGN (0x4)
                0x08000378                PROVIDE (__preinit_array_start, .)
 *(.preinit_array_sysinit .preinit_array_sysinit.*)
 *(.preinit_array_platform .preinit_array_platform.*)
 *(.preinit_array .preinit_array.*)
                0x08000378                PROVIDE (__preinit_array_end, .)
                0x08000378                . = ALIGN (0x4)
                0x08000378                PROVIDE (__init_array_start, .)
 *(SORT_BY_NAME(.init_array.*))
 *(.init_array)
                0x08000378                PROVIDE (__init_array_end, .)
                0x08000378                . = ALIGN (0x4)
                0x08000378                PROVIDE (__fini_array_start, .)
 *(SORT_BY_NAME(.fini_array.*))
 *(.fini_array)
                0x08000378                PROVIDE (__fini_array_end, .)

.flashtext
 *(.flashtext .flashtext.*)

.text           0x08000378     0xc193
 *(.text .text.*)
 .text._exit    0x08000378        0x2 ./system/src/newlib/_exit.o
                0x08000378                _exit
 *fill*         0x0800037a        0x2 
 .text._sbrk    0x0800037c       0x44 ./system/src/newlib/_sbrk.o
                0x0800037c                _sbrk
 .text.__initialize_args
                0x080003c0       0x10 ./system/src/newlib/_syscalls.o
                0x080003c0                __initialize_args
 .text.trace_printf
                0x080003d0       0x30 ./system/src/diag/Trace.o
                0x080003d0                trace_printf
 .text._trace_write_semihosting_debug
                0x08000400       0x60 ./system/src/diag/trace_impl.o
 .text.trace_write
                0x08000460        0x8 ./system/src/diag/trace_impl.o
                0x08000460                trace_write
 .text.__initialize_hardware_early
                0x08000468       0x18 ./system/src/cortexm/_initialize_hardware.o
                0x08000468                __initialize_hardware_early
 .text.__initialize_hardware
                0x08000480        0x8 ./system/src/cortexm/_initialize_hardware.o
                0x08000480                __initialize_hardware
 .text.dumpExceptionStack
                0x08000488       0xf4 ./system/src/cortexm/exception_handlers.o
                0x08000488                dumpExceptionStack
 .text.isSemihosting
                0x0800057c       0x20 ./system/src/cortexm/exception_handlers.o
                0x0800057c                isSemihosting
 .text.SetSysClockTo72
                0x0800059c       0xc4 ./system/src/cmsis/system_stm32f10x.o
 .text.SetSysClock
                0x08000660        0x8 ./system/src/cmsis/system_stm32f10x.o
 .text.SystemInit
                0x08000668       0x50 ./system/src/cmsis/system_stm32f10x.o
                0x08000668                SystemInit
 .text.SystemCoreClockUpdate
                0x080006b8       0x94 ./system/src/cmsis/system_stm32f10x.o
                0x080006b8                SystemCoreClockUpdate
 .text.main     0x0800074c       0x44 ./src/App.o
                0x0800074c                main
 .text.__GPIO_Set_Pin_Direction__
                0x08000790      0x4c4 ./src/GPIO_Program.o
                0x08000790                __GPIO_Set_Pin_Direction__
 .text.__GPIO_Write_Pin_HIGH__
                0x08000c54      0x170 ./src/GPIO_Program.o
                0x08000c54                __GPIO_Write_Pin_HIGH__
 .text.__GPIO_Write_Pin_LOW__
                0x08000dc4      0x170 ./src/GPIO_Program.o
                0x08000dc4                __GPIO_Write_Pin_LOW__
 .text.__RCC_HSE_Clock_Initialization
                0x08000f34       0x4c ./src/RCC_Program.o
                0x08000f34                __RCC_HSE_Clock_Initialization
 .text.__RCC_Enable_Peripheral_Clock__
                0x08000f80       0x54 ./src/RCC_Program.o
                0x08000f80                __RCC_Enable_Peripheral_Clock__
 .text.__RCC_Enable_Peripherals_Clock__
                0x08000fd4       0x1e ./src/RCC_Program.o
                0x08000fd4                __RCC_Enable_Peripherals_Clock__
 *fill*         0x08000ff2        0x2 
 .text.__SPI_One_Initialization__
                0x08000ff4      0x144 ./src/SPI.o
                0x08000ff4                __SPI_One_Initialization__
 .text.__SPI_One_Transmission_Reception_Data__
                0x08001138       0x24 ./src/SPI.o
                0x08001138                __SPI_One_Transmission_Reception_Data__
 .text.__SysTick_Initialization__
                0x0800115c       0x10 ./src/SysTick_Program.o
                0x0800115c                __SysTick_Initialization__
 *fill*         0x0800116c        0x4 
 .text.__SysTick_Delay__
                0x08001170       0x8c ./src/SysTick_Program.o
                0x08001170                __SysTick_Delay__
 .text.SysTick_Handler
                0x080011fc       0x34 ./src/SysTick_Program.o
                0x080011fc                SysTick_Handler
 .text.__TFT_Reset_Pulse__
                0x08001230       0x50 ./src/TFT.o
                0x08001230                __TFT_Reset_Pulse__
 .text.__TFT_Send_Command__
                0x08001280       0x20 ./src/TFT.o
                0x08001280                __TFT_Send_Command__
 .text.__TFT_Send_Data__
                0x080012a0       0x20 ./src/TFT.o
                0x080012a0                __TFT_Send_Data__
 .text.__TFT_Initialization__
                0x080012c0       0x54 ./src/TFT.o
                0x080012c0                __TFT_Initialization__
 .text.__TFT_Display__
                0x08001314       0x2c ./src/TFT.o
                0x08001314                __TFT_Display__
 .text          0x08001340      0x378 d:/oliver/embedded systems/embedded programs/imt programs/imt_sdk_win_64/winarm/armgcc/bin/../lib/gcc/arm-none-eabi/7.2.1/thumb/v7-m\libgcc.a(_arm_addsubdf3.o)
                0x08001340                __aeabi_drsub
                0x08001348                __aeabi_dsub
                0x08001348                __subdf3
                0x0800134c                __aeabi_dadd
                0x0800134c                __adddf3
                0x080015c4                __floatunsidf
                0x080015c4                __aeabi_ui2d
                0x080015e4                __floatsidf
                0x080015e4                __aeabi_i2d
                0x08001608                __aeabi_f2d
                0x08001608                __extendsfdf2
                0x0800164c                __floatundidf
                0x0800164c                __aeabi_ul2d
                0x0800165c                __floatdidf
                0x0800165c                __aeabi_l2d
 .text          0x080016b8      0x424 d:/oliver/embedded systems/embedded programs/imt programs/imt_sdk_win_64/winarm/armgcc/bin/../lib/gcc/arm-none-eabi/7.2.1/thumb/v7-m\libgcc.a(_arm_muldivdf3.o)
                0x080016b8                __aeabi_dmul
                0x080016b8                __muldf3
                0x0800190c                __divdf3
                0x0800190c                __aeabi_ddiv
 .text          0x08001adc       0x40 d:/oliver/embedded systems/embedded programs/imt programs/imt_sdk_win_64/winarm/armgcc/bin/../lib/gcc/arm-none-eabi/7.2.1/thumb/v7-m\libgcc.a(_arm_fixunsdfsi.o)
                0x08001adc                __aeabi_d2uiz
                0x08001adc                __fixunsdfsi
 .text.__errno  0x08001b1c        0xc d:/oliver/embedded systems/embedded programs/imt programs/imt_sdk_win_64/winarm/armgcc/bin/../lib/gcc/arm-none-eabi/7.2.1/../../../../arm-none-eabi/lib/thumb/v7-m\libg_nano.a(lib_a-errno.o)
                0x08001b1c                __errno
 .text._vsnprintf_r
                0x08001b28       0x58 d:/oliver/embedded systems/embedded programs/imt programs/imt_sdk_win_64/winarm/armgcc/bin/../lib/gcc/arm-none-eabi/7.2.1/../../../../arm-none-eabi/lib/thumb/v7-m\libg_nano.a(lib_a-vsnprintf.o)
                0x08001b28                _vsniprintf_r
                0x08001b28                _vsnprintf_r
 .text.vsnprintf
                0x08001b80       0x1c d:/oliver/embedded systems/embedded programs/imt programs/imt_sdk_win_64/winarm/armgcc/bin/../lib/gcc/arm-none-eabi/7.2.1/../../../../arm-none-eabi/lib/thumb/v7-m\libg_nano.a(lib_a-vsnprintf.o)
                0x08001b80                vsniprintf
                0x08001b80                vsnprintf
 .text.__ssputs_r
                0x08001b9c       0xb4 d:/oliver/embedded systems/embedded programs/imt programs/imt_sdk_win_64/winarm/armgcc/bin/../lib/gcc/arm-none-eabi/7.2.1/../../../../arm-none-eabi/lib/thumb/v7-m\libg_nano.a(lib_a-nano-svfprintf.o)
                0x08001b9c                __ssputs_r
 .text._svfprintf_r
                0x08001c50      0x1ec d:/oliver/embedded systems/embedded programs/imt programs/imt_sdk_win_64/winarm/armgcc/bin/../lib/gcc/arm-none-eabi/7.2.1/../../../../arm-none-eabi/lib/thumb/v7-m\libg_nano.a(lib_a-nano-svfprintf.o)
                0x08001c50                _svfiprintf_r
                0x08001c50                _svfprintf_r
 .text._printf_common
                0x08001e3c       0xec d:/oliver/embedded systems/embedded programs/imt programs/imt_sdk_win_64/winarm/armgcc/bin/../lib/gcc/arm-none-eabi/7.2.1/../../../../arm-none-eabi/lib/thumb/v7-m\libg_nano.a(lib_a-nano-vfprintf_i.o)
                0x08001e3c                _printf_common
 .text._printf_i
                0x08001f28      0x224 d:/oliver/embedded systems/embedded programs/imt programs/imt_sdk_win_64/winarm/armgcc/bin/../lib/gcc/arm-none-eabi/7.2.1/../../../../arm-none-eabi/lib/thumb/v7-m\libg_nano.a(lib_a-nano-vfprintf_i.o)
                0x08001f28                _printf_i
 .text.memchr   0x0800214c       0x1c d:/oliver/embedded systems/embedded programs/imt programs/imt_sdk_win_64/winarm/armgcc/bin/../lib/gcc/arm-none-eabi/7.2.1/../../../../arm-none-eabi/lib/thumb/v7-m\libg_nano.a(lib_a-memchr-stub.o)
                0x0800214c                memchr
 .text.memcpy   0x08002168       0x16 d:/oliver/embedded systems/embedded programs/imt programs/imt_sdk_win_64/winarm/armgcc/bin/../lib/gcc/arm-none-eabi/7.2.1/../../../../arm-none-eabi/lib/thumb/v7-m\libg_nano.a(lib_a-memcpy-stub.o)
                0x08002168                memcpy
 .text.memmove  0x0800217e       0x32 d:/oliver/embedded systems/embedded programs/imt programs/imt_sdk_win_64/winarm/armgcc/bin/../lib/gcc/arm-none-eabi/7.2.1/../../../../arm-none-eabi/lib/thumb/v7-m\libg_nano.a(lib_a-memmove.o)
                0x0800217e                memmove
 .text._free_r  0x080021b0       0x98 d:/oliver/embedded systems/embedded programs/imt programs/imt_sdk_win_64/winarm/armgcc/bin/../lib/gcc/arm-none-eabi/7.2.1/../../../../arm-none-eabi/lib/thumb/v7-m\libg_nano.a(lib_a-nano-freer.o)
                0x080021b0                _free_r
 .text._malloc_r
                0x08002248       0xb4 d:/oliver/embedded systems/embedded programs/imt programs/imt_sdk_win_64/winarm/armgcc/bin/../lib/gcc/arm-none-eabi/7.2.1/../../../../arm-none-eabi/lib/thumb/v7-m\libg_nano.a(lib_a-nano-mallocr.o)
                0x08002248                _malloc_r
 .text._realloc_r
                0x080022fc       0x4c d:/oliver/embedded systems/embedded programs/imt programs/imt_sdk_win_64/winarm/armgcc/bin/../lib/gcc/arm-none-eabi/7.2.1/../../../../arm-none-eabi/lib/thumb/v7-m\libg_nano.a(lib_a-nano-reallocr.o)
                0x080022fc                _realloc_r
 .text._sbrk_r  0x08002348       0x20 d:/oliver/embedded systems/embedded programs/imt programs/imt_sdk_win_64/winarm/armgcc/bin/../lib/gcc/arm-none-eabi/7.2.1/../../../../arm-none-eabi/lib/thumb/v7-m\libg_nano.a(lib_a-sbrkr.o)
                0x08002348                _sbrk_r
 .text.__malloc_lock
                0x08002368        0x2 d:/oliver/embedded systems/embedded programs/imt programs/imt_sdk_win_64/winarm/armgcc/bin/../lib/gcc/arm-none-eabi/7.2.1/../../../../arm-none-eabi/lib/thumb/v7-m\libg_nano.a(lib_a-mlock.o)
                0x08002368                __malloc_lock
 .text.__malloc_unlock
                0x0800236a        0x2 d:/oliver/embedded systems/embedded programs/imt programs/imt_sdk_win_64/winarm/armgcc/bin/../lib/gcc/arm-none-eabi/7.2.1/../../../../arm-none-eabi/lib/thumb/v7-m\libg_nano.a(lib_a-mlock.o)
                0x0800236a                __malloc_unlock
 .text._malloc_usable_size_r
                0x0800236c       0x10 d:/oliver/embedded systems/embedded programs/imt programs/imt_sdk_win_64/winarm/armgcc/bin/../lib/gcc/arm-none-eabi/7.2.1/../../../../arm-none-eabi/lib/thumb/v7-m\libg_nano.a(lib_a-nano-msizer.o)
                0x0800236c                _malloc_usable_size_r
 *(.rodata .rodata.* .constdata .constdata.*)
 .rodata.dumpExceptionStack.str1.4
                0x0800237c      0x11a ./system/src/cortexm/exception_handlers.o
 *fill*         0x08002496        0x2 
 .rodata.str1.4
                0x08002498       0x2c ./system/src/cortexm/exception_handlers.o
                                 0x2a (size before relaxing)
 .rodata        0x080024c4        0x8 ./src/App.o
 .rodata.img    0x080024cc     0xa000 ./src/App.o
                0x080024cc                img
 .rodata.GPIOx  0x0800c4cc        0xc ./src/GPIO_Program.o
 .rodata._svfprintf_r.str1.1
                0x0800c4d8       0x11 d:/oliver/embedded systems/embedded programs/imt programs/imt_sdk_win_64/winarm/armgcc/bin/../lib/gcc/arm-none-eabi/7.2.1/../../../../arm-none-eabi/lib/thumb/v7-m\libg_nano.a(lib_a-nano-svfprintf.o)
 .rodata._printf_i.str1.1
                0x0800c4e9       0x22 d:/oliver/embedded systems/embedded programs/imt programs/imt_sdk_win_64/winarm/armgcc/bin/../lib/gcc/arm-none-eabi/7.2.1/../../../../arm-none-eabi/lib/thumb/v7-m\libg_nano.a(lib_a-nano-vfprintf_i.o)
 *(vtable)
 *(.eh_frame*)
 *(.glue_7)
 .glue_7        0x0800c50b        0x0 linker stubs
 *(.glue_7t)
 .glue_7t       0x0800c50b        0x0 linker stubs

.vfp11_veneer   0x0800c50c        0x0
 .vfp11_veneer  0x0800c50c        0x0 linker stubs

.v4_bx          0x0800c50c        0x0
 .v4_bx         0x0800c50c        0x0 linker stubs

.iplt           0x0800c50c        0x0
 .iplt          0x0800c50c        0x0 ./system/src/newlib/_exit.o

.rel.dyn        0x0800c50c        0x0
 .rel.iplt      0x0800c50c        0x0 ./system/src/newlib/_exit.o

.ARM.extab
 *(.ARM.extab* .gnu.linkonce.armextab.*)
                0x0800c50c                . = ALIGN (0x4)
                0x0800c50c                __exidx_start = .

.ARM.exidx
 *(.ARM.exidx* .gnu.linkonce.armexidx.*)
                0x0800c50c                __exidx_end = .
                0x0800c50c                . = ALIGN (0x4)
                0x0800c50c                _etext = .
                0x0800c50c                __etext = .

.data_CCMRAM    0x00000000        0x0 load address 0x0800c50c
 FILL mask 0xff
 *(.data.CCMRAM .data.CCMRAM.*)
                0x00000000                . = ALIGN (0x4)
                0x0800c50c                _sidata = LOADADDR (.data)

.data           0x20000000       0xa8 load address 0x0800c50c
 FILL mask 0xff
                0x20000000                _sdata = .
                0x20000000                __data_start__ = .
 *(.data_begin .data_begin.*)
 .data_begin    0x20000000        0x4 ./system/src/newlib/_startup.o
 *(.data .data.*)
 .data.argv.4310
                0x20000004        0x8 ./system/src/newlib/_syscalls.o
 .data.AHBPrescTable
                0x2000000c       0x10 ./system/src/cmsis/system_stm32f10x.o
                0x2000000c                AHBPrescTable
 .data.SystemCoreClock
                0x2000001c        0x4 ./system/src/cmsis/system_stm32f10x.o
                0x2000001c                SystemCoreClock
 .data.SPI_One_Pinx
                0x20000020        0x9 ./src/SPI.o
                0x20000020                SPI_One_Pinx
 *fill*         0x20000029        0x3 ff
 .data.SPIx     0x2000002c        0xa ./src/TFT.o
                0x2000002c                SPIx
 *fill*         0x20000036        0x2 ff
 .data.TFT_Pinx
                0x20000038        0x6 ./src/TFT.o
                0x20000038                TFT_Pinx
 *fill*         0x2000003e        0x2 ff
 .data._impure_ptr
                0x20000040        0x4 d:/oliver/embedded systems/embedded programs/imt programs/imt_sdk_win_64/winarm/armgcc/bin/../lib/gcc/arm-none-eabi/7.2.1/../../../../arm-none-eabi/lib/thumb/v7-m\libg_nano.a(lib_a-impure.o)
                0x20000040                _impure_ptr
 .data.impure_data
                0x20000044       0x60 d:/oliver/embedded systems/embedded programs/imt programs/imt_sdk_win_64/winarm/armgcc/bin/../lib/gcc/arm-none-eabi/7.2.1/../../../../arm-none-eabi/lib/thumb/v7-m\libg_nano.a(lib_a-impure.o)
 *(.data_end .data_end.*)
 .data_end      0x200000a4        0x4 ./system/src/newlib/_startup.o
                0x200000a8                . = ALIGN (0x4)
                0x200000a8                _edata = .
                0x200000a8                __data_end__ = .

.igot.plt       0x200000a8        0x0 load address 0x0800c5b4
 .igot.plt      0x200000a8        0x0 ./system/src/newlib/_exit.o

.bss_CCMRAM     0x00000000        0x0
 *(.bss.CCMRAM .bss.CCMRAM.*)

.bss            0x200000a8       0xa0
                0x200000a8                __bss_start__ = .
                0x200000a8                _sbss = .
 *(.bss_begin .bss_begin.*)
 .bss_begin     0x200000a8        0x4 ./system/src/newlib/_startup.o
 *(.bss .bss.*)
 .bss.current_heap_end.3961
                0x200000ac        0x4 ./system/src/newlib/_sbrk.o
 .bss.name.4309
                0x200000b0        0x1 ./system/src/newlib/_syscalls.o
 *fill*         0x200000b1        0x3 
 .bss.buf.5205  0x200000b4       0x80 ./system/src/diag/Trace.o
 .bss.SysTick_Set_Call_Back_ptr
                0x20000134        0x4 ./src/SysTick_Program.o
 .bss.__malloc_free_list
                0x20000138        0x4 d:/oliver/embedded systems/embedded programs/imt programs/imt_sdk_win_64/winarm/armgcc/bin/../lib/gcc/arm-none-eabi/7.2.1/../../../../arm-none-eabi/lib/thumb/v7-m\libg_nano.a(lib_a-nano-mallocr.o)
                0x20000138                __malloc_free_list
 .bss.__malloc_sbrk_start
                0x2000013c        0x4 d:/oliver/embedded systems/embedded programs/imt programs/imt_sdk_win_64/winarm/armgcc/bin/../lib/gcc/arm-none-eabi/7.2.1/../../../../arm-none-eabi/lib/thumb/v7-m\libg_nano.a(lib_a-nano-mallocr.o)
                0x2000013c                __malloc_sbrk_start
 *(COMMON)
 COMMON         0x20000140        0x4 ./system/src/newlib/_syscalls.o
                0x20000140                errno
 *(.bss_end .bss_end.*)
 .bss_end       0x20000144        0x4 ./system/src/newlib/_startup.o
                0x20000148                . = ALIGN (0x4)
                0x20000148                __bss_end__ = .
                0x20000148                _ebss = .

.noinit_CCMRAM
 *(.noinit.CCMRAM .noinit.CCMRAM.*)

.noinit         0x20000148        0x0
                0x20000148                _noinit = .
 *(.noinit .noinit.*)
                0x20000148                . = ALIGN (0x4)
                0x20000148                _end_noinit = .
                [!provide]                PROVIDE (end, _end_noinit)
                [!provide]                PROVIDE (_end, _end_noinit)
                [!provide]                PROVIDE (__end, _end_noinit)
                [!provide]                PROVIDE (__end__, _end_noinit)

._check_stack   0x20000148      0x100
                0x20000248                . = (. + _Minimum_Stack_Size)
 *fill*         0x20000148      0x100 

.b1text
 *(.b1text)
 *(.b1rodata)
 *(.b1rodata.*)

.eb0text
 *(.eb0text)
 *(.eb0rodata)
 *(.eb0rodata.*)

.eb1text
 *(.eb1text)
 *(.eb1rodata)
 *(.eb1rodata.*)

.eb2text
 *(.eb2text)
 *(.eb2rodata)
 *(.eb2rodata.*)

.eb3text
 *(.eb3text)
 *(.eb3rodata)
 *(.eb3rodata.*)

.stab
 *(.stab)

.stabstr
 *(.stabstr)

.stab.excl
 *(.stab.excl)

.stab.exclstr
 *(.stab.exclstr)

.stab.index
 *(.stab.index)

.stab.indexstr
 *(.stab.indexstr)

.comment        0x00000000       0x7e
 *(.comment)
 .comment       0x00000000       0x7e ./system/src/newlib/_exit.o
                                 0x7f (size before relaxing)
 .comment       0x0000007e       0x7f ./system/src/newlib/_sbrk.o
 .comment       0x0000007e       0x7f ./system/src/newlib/_startup.o
 .comment       0x0000007e       0x7f ./system/src/newlib/_syscalls.o
 .comment       0x0000007e       0x7f ./system/src/diag/Trace.o
 .comment       0x0000007e       0x7f ./system/src/diag/trace_impl.o
 .comment       0x0000007e       0x7f ./system/src/cortexm/_initialize_hardware.o
 .comment       0x0000007e       0x7f ./system/src/cortexm/exception_handlers.o
 .comment       0x0000007e       0x7f ./system/src/cmsis/system_stm32f10x.o
 .comment       0x0000007e       0x7f ./system/src/cmsis/vectors_stm32f10x.o
 .comment       0x0000007e       0x7f ./src/App.o
 .comment       0x0000007e       0x7f ./src/GPIO_Program.o
 .comment       0x0000007e       0x7f ./src/RCC_Program.o
 .comment       0x0000007e       0x7f ./src/SPI.o
 .comment       0x0000007e       0x7f ./src/SysTick_Program.o
 .comment       0x0000007e       0x7f ./src/TFT.o

.ARM.attributes
                0x00000000       0x31
 .ARM.attributes
                0x00000000       0x33 ./system/src/newlib/_exit.o
 .ARM.attributes
                0x00000033       0x33 ./system/src/newlib/_sbrk.o
 .ARM.attributes
                0x00000066       0x33 ./system/src/newlib/_startup.o
 .ARM.attributes
                0x00000099       0x33 ./system/src/newlib/_syscalls.o
 .ARM.attributes
                0x000000cc       0x33 ./system/src/diag/Trace.o
 .ARM.attributes
                0x000000ff       0x33 ./system/src/diag/trace_impl.o
 .ARM.attributes
                0x00000132       0x33 ./system/src/cortexm/_initialize_hardware.o
 .ARM.attributes
                0x00000165       0x33 ./system/src/cortexm/exception_handlers.o
 .ARM.attributes
                0x00000198       0x33 ./system/src/cmsis/system_stm32f10x.o
 .ARM.attributes
                0x000001cb       0x33 ./system/src/cmsis/vectors_stm32f10x.o
 .ARM.attributes
                0x000001fe       0x33 ./src/App.o
 .ARM.attributes
                0x00000231       0x33 ./src/GPIO_Program.o
 .ARM.attributes
                0x00000264       0x33 ./src/RCC_Program.o
 .ARM.attributes
                0x00000297       0x33 ./src/SPI.o
 .ARM.attributes
                0x000002ca       0x33 ./src/SysTick_Program.o
 .ARM.attributes
                0x000002fd       0x33 ./src/TFT.o
 .ARM.attributes
                0x00000330       0x1d d:/oliver/embedded systems/embedded programs/imt programs/imt_sdk_win_64/winarm/armgcc/bin/../lib/gcc/arm-none-eabi/7.2.1/thumb/v7-m\libgcc.a(_arm_addsubdf3.o)
 .ARM.attributes
                0x0000034d       0x1d d:/oliver/embedded systems/embedded programs/imt programs/imt_sdk_win_64/winarm/armgcc/bin/../lib/gcc/arm-none-eabi/7.2.1/thumb/v7-m\libgcc.a(_arm_muldivdf3.o)
 .ARM.attributes
                0x0000036a       0x1d d:/oliver/embedded systems/embedded programs/imt programs/imt_sdk_win_64/winarm/armgcc/bin/../lib/gcc/arm-none-eabi/7.2.1/thumb/v7-m\libgcc.a(_arm_fixunsdfsi.o)
 .ARM.attributes
                0x00000387       0x2d d:/oliver/embedded systems/embedded programs/imt programs/imt_sdk_win_64/winarm/armgcc/bin/../lib/gcc/arm-none-eabi/7.2.1/../../../../arm-none-eabi/lib/thumb/v7-m\libg_nano.a(lib_a-errno.o)
 .ARM.attributes
                0x000003b4       0x2d d:/oliver/embedded systems/embedded programs/imt programs/imt_sdk_win_64/winarm/armgcc/bin/../lib/gcc/arm-none-eabi/7.2.1/../../../../arm-none-eabi/lib/thumb/v7-m\libg_nano.a(lib_a-impure.o)
 .ARM.attributes
                0x000003e1       0x2d d:/oliver/embedded systems/embedded programs/imt programs/imt_sdk_win_64/winarm/armgcc/bin/../lib/gcc/arm-none-eabi/7.2.1/../../../../arm-none-eabi/lib/thumb/v7-m\libg_nano.a(lib_a-vsnprintf.o)
 .ARM.attributes
                0x0000040e       0x2d d:/oliver/embedded systems/embedded programs/imt programs/imt_sdk_win_64/winarm/armgcc/bin/../lib/gcc/arm-none-eabi/7.2.1/../../../../arm-none-eabi/lib/thumb/v7-m\libg_nano.a(lib_a-nano-svfprintf.o)
 .ARM.attributes
                0x0000043b       0x2d d:/oliver/embedded systems/embedded programs/imt programs/imt_sdk_win_64/winarm/armgcc/bin/../lib/gcc/arm-none-eabi/7.2.1/../../../../arm-none-eabi/lib/thumb/v7-m\libg_nano.a(lib_a-nano-vfprintf_i.o)
 .ARM.attributes
                0x00000468       0x2d d:/oliver/embedded systems/embedded programs/imt programs/imt_sdk_win_64/winarm/armgcc/bin/../lib/gcc/arm-none-eabi/7.2.1/../../../../arm-none-eabi/lib/thumb/v7-m\libg_nano.a(lib_a-memchr-stub.o)
 .ARM.attributes
                0x00000495       0x2d d:/oliver/embedded systems/embedded programs/imt programs/imt_sdk_win_64/winarm/armgcc/bin/../lib/gcc/arm-none-eabi/7.2.1/../../../../arm-none-eabi/lib/thumb/v7-m\libg_nano.a(lib_a-memcpy-stub.o)
 .ARM.attributes
                0x000004c2       0x2d d:/oliver/embedded systems/embedded programs/imt programs/imt_sdk_win_64/winarm/armgcc/bin/../lib/gcc/arm-none-eabi/7.2.1/../../../../arm-none-eabi/lib/thumb/v7-m\libg_nano.a(lib_a-memmove.o)
 .ARM.attributes
                0x000004ef       0x2d d:/oliver/embedded systems/embedded programs/imt programs/imt_sdk_win_64/winarm/armgcc/bin/../lib/gcc/arm-none-eabi/7.2.1/../../../../arm-none-eabi/lib/thumb/v7-m\libg_nano.a(lib_a-nano-freer.o)
 .ARM.attributes
                0x0000051c       0x2d d:/oliver/embedded systems/embedded programs/imt programs/imt_sdk_win_64/winarm/armgcc/bin/../lib/gcc/arm-none-eabi/7.2.1/../../../../arm-none-eabi/lib/thumb/v7-m\libg_nano.a(lib_a-nano-mallocr.o)
 .ARM.attributes
                0x00000549       0x2d d:/oliver/embedded systems/embedded programs/imt programs/imt_sdk_win_64/winarm/armgcc/bin/../lib/gcc/arm-none-eabi/7.2.1/../../../../arm-none-eabi/lib/thumb/v7-m\libg_nano.a(lib_a-nano-reallocr.o)
 .ARM.attributes
                0x00000576       0x2d d:/oliver/embedded systems/embedded programs/imt programs/imt_sdk_win_64/winarm/armgcc/bin/../lib/gcc/arm-none-eabi/7.2.1/../../../../arm-none-eabi/lib/thumb/v7-m\libg_nano.a(lib_a-sbrkr.o)
 .ARM.attributes
                0x000005a3       0x2d d:/oliver/embedded systems/embedded programs/imt programs/imt_sdk_win_64/winarm/armgcc/bin/../lib/gcc/arm-none-eabi/7.2.1/../../../../arm-none-eabi/lib/thumb/v7-m\libg_nano.a(lib_a-mlock.o)
 .ARM.attributes
                0x000005d0       0x2d d:/oliver/embedded systems/embedded programs/imt programs/imt_sdk_win_64/winarm/armgcc/bin/../lib/gcc/arm-none-eabi/7.2.1/../../../../arm-none-eabi/lib/thumb/v7-m\libg_nano.a(lib_a-nano-msizer.o)

.debug
 *(.debug)

.line
 *(.line)

.debug_srcinfo
 *(.debug_srcinfo)

.debug_sfnames
 *(.debug_sfnames)

.debug_aranges  0x00000000      0x3f0
 *(.debug_aranges)
 .debug_aranges
                0x00000000       0x28 ./system/src/newlib/_exit.o
 .debug_aranges
                0x00000028       0x20 ./system/src/newlib/_sbrk.o
 .debug_aranges
                0x00000048       0x40 ./system/src/newlib/_startup.o
 .debug_aranges
                0x00000088       0x30 ./system/src/newlib/_syscalls.o
 .debug_aranges
                0x000000b8       0x38 ./system/src/diag/Trace.o
 .debug_aranges
                0x000000f0       0x30 ./system/src/diag/trace_impl.o
 .debug_aranges
                0x00000120       0x28 ./system/src/cortexm/_initialize_hardware.o
 .debug_aranges
                0x00000148       0x90 ./system/src/cortexm/exception_handlers.o
 .debug_aranges
                0x000001d8       0x38 ./system/src/cmsis/system_stm32f10x.o
 .debug_aranges
                0x00000210       0x20 ./system/src/cmsis/vectors_stm32f10x.o
 .debug_aranges
                0x00000230       0x20 ./src/App.o
 .debug_aranges
                0x00000250       0x78 ./src/GPIO_Program.o
 .debug_aranges
                0x000002c8       0x48 ./src/RCC_Program.o
 .debug_aranges
                0x00000310       0x28 ./src/SPI.o
 .debug_aranges
                0x00000338       0x70 ./src/SysTick_Program.o
 .debug_aranges
                0x000003a8       0x48 ./src/TFT.o

.debug_pubnames
 *(.debug_pubnames)

.debug_info     0x00000000     0x79aa
 *(.debug_info .gnu.linkonce.wi.*)
 .debug_info    0x00000000      0x956 ./system/src/newlib/_exit.o
 .debug_info    0x00000956      0x942 ./system/src/newlib/_sbrk.o
 .debug_info    0x00001298      0x42e ./system/src/newlib/_startup.o
 .debug_info    0x000016c6      0xa19 ./system/src/newlib/_syscalls.o
 .debug_info    0x000020df      0xb2a ./system/src/diag/Trace.o
 .debug_info    0x00002c09      0x363 ./system/src/diag/trace_impl.o
 .debug_info    0x00002f6c      0x2b5 ./system/src/cortexm/_initialize_hardware.o
 .debug_info    0x00003221     0x1140 ./system/src/cortexm/exception_handlers.o
 .debug_info    0x00004361      0x494 ./system/src/cmsis/system_stm32f10x.o
 .debug_info    0x000047f5       0xca ./system/src/cmsis/vectors_stm32f10x.o
 .debug_info    0x000048bf      0x40e ./src/App.o
 .debug_info    0x00004ccd      0xacc ./src/GPIO_Program.o
 .debug_info    0x00005799      0x6e8 ./src/RCC_Program.o
 .debug_info    0x00005e81      0xdbc ./src/SPI.o
 .debug_info    0x00006c3d      0x506 ./src/SysTick_Program.o
 .debug_info    0x00007143      0x867 ./src/TFT.o

.debug_abbrev   0x00000000     0x1b83
 *(.debug_abbrev)
 .debug_abbrev  0x00000000      0x1f3 ./system/src/newlib/_exit.o
 .debug_abbrev  0x000001f3      0x1fc ./system/src/newlib/_sbrk.o
 .debug_abbrev  0x000003ef      0x1b3 ./system/src/newlib/_startup.o
 .debug_abbrev  0x000005a2      0x234 ./system/src/newlib/_syscalls.o
 .debug_abbrev  0x000007d6      0x276 ./system/src/diag/Trace.o
 .debug_abbrev  0x00000a4c      0x1e2 ./system/src/diag/trace_impl.o
 .debug_abbrev  0x00000c2e       0xea ./system/src/cortexm/_initialize_hardware.o
 .debug_abbrev  0x00000d18      0x32b ./system/src/cortexm/exception_handlers.o
 .debug_abbrev  0x00001043      0x177 ./system/src/cmsis/system_stm32f10x.o
 .debug_abbrev  0x000011ba       0x9d ./system/src/cmsis/vectors_stm32f10x.o
 .debug_abbrev  0x00001257      0x18d ./src/App.o
 .debug_abbrev  0x000013e4      0x1e0 ./src/GPIO_Program.o
 .debug_abbrev  0x000015c4      0x192 ./src/RCC_Program.o
 .debug_abbrev  0x00001756      0x1a1 ./src/SPI.o
 .debug_abbrev  0x000018f7      0x151 ./src/SysTick_Program.o
 .debug_abbrev  0x00001a48      0x13b ./src/TFT.o

.debug_line     0x00000000     0x37c7
 *(.debug_line)
 .debug_line    0x00000000      0x3d3 ./system/src/newlib/_exit.o
 .debug_line    0x000003d3      0x387 ./system/src/newlib/_sbrk.o
 .debug_line    0x0000075a      0x441 ./system/src/newlib/_startup.o
 .debug_line    0x00000b9b      0x4be ./system/src/newlib/_syscalls.o
 .debug_line    0x00001059      0x44f ./system/src/diag/Trace.o
 .debug_line    0x000014a8      0x6bc ./system/src/diag/trace_impl.o
 .debug_line    0x00001b64      0x395 ./system/src/cortexm/_initialize_hardware.o
 .debug_line    0x00001ef9      0x77e ./system/src/cortexm/exception_handlers.o
 .debug_line    0x00002677      0x408 ./system/src/cmsis/system_stm32f10x.o
 .debug_line    0x00002a7f      0x121 ./system/src/cmsis/vectors_stm32f10x.o
 .debug_line    0x00002ba0       0xcd ./src/App.o
 .debug_line    0x00002c6d      0x5cd ./src/GPIO_Program.o
 .debug_line    0x0000323a      0x14b ./src/RCC_Program.o
 .debug_line    0x00003385      0x107 ./src/SPI.o
 .debug_line    0x0000348c      0x1f5 ./src/SysTick_Program.o
 .debug_line    0x00003681      0x146 ./src/TFT.o

.debug_frame    0x00000000      0xbc4
 *(.debug_frame)
 .debug_frame   0x00000000       0x38 ./system/src/newlib/_exit.o
 .debug_frame   0x00000038       0x28 ./system/src/newlib/_sbrk.o
 .debug_frame   0x00000060       0x7c ./system/src/newlib/_startup.o
 .debug_frame   0x000000dc       0x50 ./system/src/newlib/_syscalls.o
 .debug_frame   0x0000012c       0x94 ./system/src/diag/Trace.o
 .debug_frame   0x000001c0       0x64 ./system/src/diag/trace_impl.o
 .debug_frame   0x00000224       0x40 ./system/src/cortexm/_initialize_hardware.o
 .debug_frame   0x00000264      0x158 ./system/src/cortexm/exception_handlers.o
 .debug_frame   0x000003bc       0x6c ./system/src/cmsis/system_stm32f10x.o
 .debug_frame   0x00000428       0x20 ./system/src/cmsis/vectors_stm32f10x.o
 .debug_frame   0x00000448       0x28 ./src/App.o
 .debug_frame   0x00000470       0xe0 ./src/GPIO_Program.o
 .debug_frame   0x00000550       0x7c ./src/RCC_Program.o
 .debug_frame   0x000005cc       0x3c ./src/SPI.o
 .debug_frame   0x00000608       0xf8 ./src/SysTick_Program.o
 .debug_frame   0x00000700       0xb4 ./src/TFT.o
 .debug_frame   0x000007b4       0xac d:/oliver/embedded systems/embedded programs/imt programs/imt_sdk_win_64/winarm/armgcc/bin/../lib/gcc/arm-none-eabi/7.2.1/thumb/v7-m\libgcc.a(_arm_addsubdf3.o)
 .debug_frame   0x00000860       0x50 d:/oliver/embedded systems/embedded programs/imt programs/imt_sdk_win_64/winarm/armgcc/bin/../lib/gcc/arm-none-eabi/7.2.1/thumb/v7-m\libgcc.a(_arm_muldivdf3.o)
 .debug_frame   0x000008b0       0x24 d:/oliver/embedded systems/embedded programs/imt programs/imt_sdk_win_64/winarm/armgcc/bin/../lib/gcc/arm-none-eabi/7.2.1/thumb/v7-m\libgcc.a(_arm_fixunsdfsi.o)
 .debug_frame   0x000008d4       0x20 d:/oliver/embedded systems/embedded programs/imt programs/imt_sdk_win_64/winarm/armgcc/bin/../lib/gcc/arm-none-eabi/7.2.1/../../../../arm-none-eabi/lib/thumb/v7-m\libg_nano.a(lib_a-errno.o)
 .debug_frame   0x000008f4       0x4c d:/oliver/embedded systems/embedded programs/imt programs/imt_sdk_win_64/winarm/armgcc/bin/../lib/gcc/arm-none-eabi/7.2.1/../../../../arm-none-eabi/lib/thumb/v7-m\libg_nano.a(lib_a-vsnprintf.o)
 .debug_frame   0x00000940       0x90 d:/oliver/embedded systems/embedded programs/imt programs/imt_sdk_win_64/winarm/armgcc/bin/../lib/gcc/arm-none-eabi/7.2.1/../../../../arm-none-eabi/lib/thumb/v7-m\libg_nano.a(lib_a-nano-svfprintf.o)
 .debug_frame   0x000009d0       0x60 d:/oliver/embedded systems/embedded programs/imt programs/imt_sdk_win_64/winarm/armgcc/bin/../lib/gcc/arm-none-eabi/7.2.1/../../../../arm-none-eabi/lib/thumb/v7-m\libg_nano.a(lib_a-nano-vfprintf_i.o)
 .debug_frame   0x00000a30       0x28 d:/oliver/embedded systems/embedded programs/imt programs/imt_sdk_win_64/winarm/armgcc/bin/../lib/gcc/arm-none-eabi/7.2.1/../../../../arm-none-eabi/lib/thumb/v7-m\libg_nano.a(lib_a-memchr-stub.o)
 .debug_frame   0x00000a58       0x28 d:/oliver/embedded systems/embedded programs/imt programs/imt_sdk_win_64/winarm/armgcc/bin/../lib/gcc/arm-none-eabi/7.2.1/../../../../arm-none-eabi/lib/thumb/v7-m\libg_nano.a(lib_a-memcpy-stub.o)
 .debug_frame   0x00000a80       0x28 d:/oliver/embedded systems/embedded programs/imt programs/imt_sdk_win_64/winarm/armgcc/bin/../lib/gcc/arm-none-eabi/7.2.1/../../../../arm-none-eabi/lib/thumb/v7-m\libg_nano.a(lib_a-memmove.o)
 .debug_frame   0x00000aa8       0x38 d:/oliver/embedded systems/embedded programs/imt programs/imt_sdk_win_64/winarm/armgcc/bin/../lib/gcc/arm-none-eabi/7.2.1/../../../../arm-none-eabi/lib/thumb/v7-m\libg_nano.a(lib_a-nano-freer.o)
 .debug_frame   0x00000ae0       0x2c d:/oliver/embedded systems/embedded programs/imt programs/imt_sdk_win_64/winarm/armgcc/bin/../lib/gcc/arm-none-eabi/7.2.1/../../../../arm-none-eabi/lib/thumb/v7-m\libg_nano.a(lib_a-nano-mallocr.o)
 .debug_frame   0x00000b0c       0x3c d:/oliver/embedded systems/embedded programs/imt programs/imt_sdk_win_64/winarm/armgcc/bin/../lib/gcc/arm-none-eabi/7.2.1/../../../../arm-none-eabi/lib/thumb/v7-m\libg_nano.a(lib_a-nano-reallocr.o)
 .debug_frame   0x00000b48       0x2c d:/oliver/embedded systems/embedded programs/imt programs/imt_sdk_win_64/winarm/armgcc/bin/../lib/gcc/arm-none-eabi/7.2.1/../../../../arm-none-eabi/lib/thumb/v7-m\libg_nano.a(lib_a-sbrkr.o)
 .debug_frame   0x00000b74       0x30 d:/oliver/embedded systems/embedded programs/imt programs/imt_sdk_win_64/winarm/armgcc/bin/../lib/gcc/arm-none-eabi/7.2.1/../../../../arm-none-eabi/lib/thumb/v7-m\libg_nano.a(lib_a-mlock.o)
 .debug_frame   0x00000ba4       0x20 d:/oliver/embedded systems/embedded programs/imt programs/imt_sdk_win_64/winarm/armgcc/bin/../lib/gcc/arm-none-eabi/7.2.1/../../../../arm-none-eabi/lib/thumb/v7-m\libg_nano.a(lib_a-nano-msizer.o)

.debug_str      0x00000000    0x57a2f
 *(.debug_str)
 .debug_str     0x00000000     0x7d06 ./system/src/newlib/_exit.o
                               0x7ed9 (size before relaxing)
 .debug_str     0x00007d06      0x4f5 ./system/src/newlib/_sbrk.o
                               0x728b (size before relaxing)
 .debug_str     0x000081fb      0xbbd ./system/src/newlib/_startup.o
                               0x69c6 (size before relaxing)
 .debug_str     0x00008db8      0xe8b ./system/src/newlib/_syscalls.o
                               0x8166 (size before relaxing)
 .debug_str     0x00009c43      0x826 ./system/src/diag/Trace.o
                               0x8651 (size before relaxing)
 .debug_str     0x0000a469    0x4b2b9 ./system/src/diag/trace_impl.o
                              0x52a37 (size before relaxing)
 .debug_str     0x00055722       0xc4 ./system/src/cortexm/_initialize_hardware.o
                              0x4e828 (size before relaxing)
 .debug_str     0x000557e6      0x1a6 ./system/src/cortexm/exception_handlers.o
                              0x53c5c (size before relaxing)
 .debug_str     0x0005598c      0x10f ./system/src/cmsis/system_stm32f10x.o
                              0x4e8c2 (size before relaxing)
 .debug_str     0x00055a9b       0x57 ./system/src/cmsis/vectors_stm32f10x.o
                               0x3867 (size before relaxing)
 .debug_str     0x00055af2      0x911 ./src/App.o
                               0x36a1 (size before relaxing)
 .debug_str     0x00056403      0x7ec ./src/GPIO_Program.o
                               0x3816 (size before relaxing)
 .debug_str     0x00056bef      0x231 ./src/RCC_Program.o
                               0x3797 (size before relaxing)
 .debug_str     0x00056e20      0x931 ./src/SPI.o
                               0x3d38 (size before relaxing)
 .debug_str     0x00057751      0x21e ./src/SysTick_Program.o
                               0x3480 (size before relaxing)
 .debug_str     0x0005796f       0xc0 ./src/TFT.o
                               0x3b51 (size before relaxing)

.debug_loc      0x00000000     0x1ec3
 *(.debug_loc)
 .debug_loc     0x00000000       0x85 ./system/src/newlib/_sbrk.o
 .debug_loc     0x00000085      0x1a9 ./system/src/newlib/_startup.o
 .debug_loc     0x0000022e       0x63 ./system/src/newlib/_syscalls.o
 .debug_loc     0x00000291       0xf6 ./system/src/diag/Trace.o
 .debug_loc     0x00000387      0x121 ./system/src/diag/trace_impl.o
 .debug_loc     0x000004a8      0x291 ./system/src/cortexm/exception_handlers.o
 .debug_loc     0x00000739       0xdf ./system/src/cmsis/system_stm32f10x.o
 .debug_loc     0x00000818      0xdc2 ./src/GPIO_Program.o
 .debug_loc     0x000015da      0x23f ./src/RCC_Program.o
 .debug_loc     0x00001819       0xd7 ./src/SPI.o
 .debug_loc     0x000018f0      0x51f ./src/SysTick_Program.o
 .debug_loc     0x00001e0f       0xb4 ./src/TFT.o

.debug_macinfo
 *(.debug_macinfo)

.debug_weaknames
 *(.debug_weaknames)

.debug_funcnames
 *(.debug_funcnames)

.debug_typenames
 *(.debug_typenames)

.debug_varnames
 *(.debug_varnames)
OUTPUT(TFT.elf elf32-littlearm)

.debug_ranges   0x00000000      0x368
 .debug_ranges  0x00000000       0x18 ./system/src/newlib/_exit.o
 .debug_ranges  0x00000018       0x10 ./system/src/newlib/_sbrk.o
 .debug_ranges  0x00000028       0x78 ./system/src/newlib/_startup.o
 .debug_ranges  0x000000a0       0x20 ./system/src/newlib/_syscalls.o
 .debug_ranges  0x000000c0       0x28 ./system/src/diag/Trace.o
 .debug_ranges  0x000000e8       0x50 ./system/src/diag/trace_impl.o
 .debug_ranges  0x00000138       0x18 ./system/src/cortexm/_initialize_hardware.o
 .debug_ranges  0x00000150       0x80 ./system/src/cortexm/exception_handlers.o
 .debug_ranges  0x000001d0       0x28 ./system/src/cmsis/system_stm32f10x.o
 .debug_ranges  0x000001f8       0x10 ./system/src/cmsis/vectors_stm32f10x.o
 .debug_ranges  0x00000208       0x10 ./src/App.o
 .debug_ranges  0x00000218       0x68 ./src/GPIO_Program.o
 .debug_ranges  0x00000280       0x38 ./src/RCC_Program.o
 .debug_ranges  0x000002b8       0x18 ./src/SPI.o
 .debug_ranges  0x000002d0       0x60 ./src/SysTick_Program.o
 .debug_ranges  0x00000330       0x38 ./src/TFT.o

.debug_macro    0x00000000     0x296d
 .debug_macro   0x00000000      0x1b4 ./system/src/newlib/_exit.o
 .debug_macro   0x000001b4       0x9c ./system/src/newlib/_exit.o
 .debug_macro   0x00000250      0x10e ./system/src/newlib/_exit.o
 .debug_macro   0x0000035e       0x8d ./system/src/newlib/_exit.o
 .debug_macro   0x000003eb       0x43 ./system/src/newlib/_exit.o
 .debug_macro   0x0000042e      0x330 ./system/src/newlib/_exit.o
 .debug_macro   0x0000075e       0x35 ./system/src/newlib/_exit.o
 .debug_macro   0x00000793      0x169 ./system/src/newlib/_sbrk.o
 .debug_macro   0x000008fc      0x174 ./system/src/newlib/_sbrk.o
 .debug_macro   0x00000a70       0x10 ./system/src/newlib/_sbrk.o
 .debug_macro   0x00000a80      0x23b ./system/src/newlib/_sbrk.o
 .debug_macro   0x00000cbb      0x173 ./system/src/newlib/_startup.o
 .debug_macro   0x00000e2e      0x217 ./system/src/newlib/_syscalls.o
 .debug_macro   0x00001045       0x1c ./system/src/newlib/_syscalls.o
 .debug_macro   0x00001061       0x10 ./system/src/newlib/_syscalls.o
 .debug_macro   0x00001071       0x10 ./system/src/newlib/_syscalls.o
 .debug_macro   0x00001081       0x10 ./system/src/newlib/_syscalls.o
 .debug_macro   0x00001091       0x35 ./system/src/newlib/_syscalls.o
 .debug_macro   0x000010c6      0x122 ./system/src/newlib/_syscalls.o
 .debug_macro   0x000011e8       0x88 ./system/src/newlib/_syscalls.o
 .debug_macro   0x00001270       0x2b ./system/src/newlib/_syscalls.o
 .debug_macro   0x0000129b      0x118 ./system/src/newlib/_syscalls.o
 .debug_macro   0x000013b3      0x189 ./system/src/newlib/_syscalls.o
 .debug_macro   0x0000153c       0x16 ./system/src/newlib/_syscalls.o
 .debug_macro   0x00001552      0x1fb ./system/src/diag/Trace.o
 .debug_macro   0x0000174d       0x16 ./system/src/diag/Trace.o
 .debug_macro   0x00001763       0x97 ./system/src/diag/Trace.o
 .debug_macro   0x000017fa       0xfd ./system/src/diag/Trace.o
 .debug_macro   0x000018f7       0x10 ./system/src/diag/Trace.o
 .debug_macro   0x00001907       0x16 ./system/src/diag/Trace.o
 .debug_macro   0x0000191d      0x16f ./system/src/diag/Trace.o
 .debug_macro   0x00001a8c       0x4c ./system/src/diag/Trace.o
 .debug_macro   0x00001ad8       0x16 ./system/src/diag/Trace.o
 .debug_macro   0x00001aee      0x2da ./system/src/diag/trace_impl.o
 .debug_macro   0x00001dc8       0x10 ./system/src/diag/trace_impl.o
 .debug_macro   0x00001dd8       0xcf ./system/src/diag/trace_impl.o
 .debug_macro   0x00001ea7       0xbe ./system/src/diag/trace_impl.o
 .debug_macro   0x00001f65       0x22 ./system/src/diag/trace_impl.o
 .debug_macro   0x00001f87      0x16b ./system/src/cortexm/_initialize_hardware.o
 .debug_macro   0x000020f2      0x324 ./system/src/cortexm/exception_handlers.o
 .debug_macro   0x00002416       0x3b ./system/src/cortexm/exception_handlers.o
 .debug_macro   0x00002451       0x10 ./system/src/cortexm/exception_handlers.o
 .debug_macro   0x00002461      0x16e ./system/src/cmsis/system_stm32f10x.o
 .debug_macro   0x000025cf       0x34 ./system/src/cmsis/vectors_stm32f10x.o
 .debug_macro   0x00002603       0x60 ./src/App.o
 .debug_macro   0x00002663       0x3a ./src/App.o
 .debug_macro   0x0000269d       0x40 ./src/App.o
 .debug_macro   0x000026dd       0x16 ./src/App.o
 .debug_macro   0x000026f3       0x40 ./src/App.o
 .debug_macro   0x00002733       0x22 ./src/App.o
 .debug_macro   0x00002755       0x70 ./src/App.o
 .debug_macro   0x000027c5       0x3f ./src/GPIO_Program.o
 .debug_macro   0x00002804       0x52 ./src/RCC_Program.o
 .debug_macro   0x00002856       0x10 ./src/RCC_Program.o
 .debug_macro   0x00002866       0x49 ./src/SPI.o
 .debug_macro   0x000028af       0x2e ./src/SPI.o
 .debug_macro   0x000028dd       0x3f ./src/SysTick_Program.o
 .debug_macro   0x0000291c       0x51 ./src/TFT.o
