Archive member included to satisfy reference by file (symbol)

d:/oliver/embedded systems/embedded programs/imt programs/imt_sdk_win_64/winarm/armgcc/bin/../lib/gcc/arm-none-eabi/7.2.1/../../../../arm-none-eabi/lib/thumb/v7-m\libg_nano.a(lib_a-errno.o)
                              ./system/src/newlib/_sbrk.o (__errno)
d:/oliver/embedded systems/embedded programs/imt programs/imt_sdk_win_64/winarm/armgcc/bin/../lib/gcc/arm-none-eabi/7.2.1/../../../../arm-none-eabi/lib/thumb/v7-m\libg_nano.a(lib_a-impure.o)
                              d:/oliver/embedded systems/embedded programs/imt programs/imt_sdk_win_64/winarm/armgcc/bin/../lib/gcc/arm-none-eabi/7.2.1/../../../../arm-none-eabi/lib/thumb/v7-m\libg_nano.a(lib_a-errno.o) (_impure_ptr)
d:/oliver/embedded systems/embedded programs/imt programs/imt_sdk_win_64/winarm/armgcc/bin/../lib/gcc/arm-none-eabi/7.2.1/../../../../arm-none-eabi/lib/thumb/v7-m\libg_nano.a(lib_a-strlen.o)
                              ./system/src/diag/Trace.o (strlen)
d:/oliver/embedded systems/embedded programs/imt programs/imt_sdk_win_64/winarm/armgcc/bin/../lib/gcc/arm-none-eabi/7.2.1/../../../../arm-none-eabi/lib/thumb/v7-m\libg_nano.a(lib_a-vsnprintf.o)
                              ./system/src/diag/Trace.o (vsnprintf)
d:/oliver/embedded systems/embedded programs/imt programs/imt_sdk_win_64/winarm/armgcc/bin/../lib/gcc/arm-none-eabi/7.2.1/../../../../arm-none-eabi/lib/thumb/v7-m\libg_nano.a(lib_a-nano-svfprintf.o)
                              d:/oliver/embedded systems/embedded programs/imt programs/imt_sdk_win_64/winarm/armgcc/bin/../lib/gcc/arm-none-eabi/7.2.1/../../../../arm-none-eabi/lib/thumb/v7-m\libg_nano.a(lib_a-vsnprintf.o) (_svfprintf_r)
d:/oliver/embedded systems/embedded programs/imt programs/imt_sdk_win_64/winarm/armgcc/bin/../lib/gcc/arm-none-eabi/7.2.1/../../../../arm-none-eabi/lib/thumb/v7-m\libg_nano.a(lib_a-nano-vfprintf_i.o)
                              d:/oliver/embedded systems/embedded programs/imt programs/imt_sdk_win_64/winarm/armgcc/bin/../lib/gcc/arm-none-eabi/7.2.1/../../../../arm-none-eabi/lib/thumb/v7-m\libg_nano.a(lib_a-nano-svfprintf.o) (_printf_i)
d:/oliver/embedded systems/embedded programs/imt programs/imt_sdk_win_64/winarm/armgcc/bin/../lib/gcc/arm-none-eabi/7.2.1/../../../../arm-none-eabi/lib/thumb/v7-m\libg_nano.a(lib_a-memchr-stub.o)
                              d:/oliver/embedded systems/embedded programs/imt programs/imt_sdk_win_64/winarm/armgcc/bin/../lib/gcc/arm-none-eabi/7.2.1/../../../../arm-none-eabi/lib/thumb/v7-m\libg_nano.a(lib_a-nano-svfprintf.o) (memchr)
d:/oliver/embedded systems/embedded programs/imt programs/imt_sdk_win_64/winarm/armgcc/bin/../lib/gcc/arm-none-eabi/7.2.1/../../../../arm-none-eabi/lib/thumb/v7-m\libg_nano.a(lib_a-memcpy-stub.o)
                              d:/oliver/embedded systems/embedded programs/imt programs/imt_sdk_win_64/winarm/armgcc/bin/../lib/gcc/arm-none-eabi/7.2.1/../../../../arm-none-eabi/lib/thumb/v7-m\libg_nano.a(lib_a-nano-svfprintf.o) (memcpy)
d:/oliver/embedded systems/embedded programs/imt programs/imt_sdk_win_64/winarm/armgcc/bin/../lib/gcc/arm-none-eabi/7.2.1/../../../../arm-none-eabi/lib/thumb/v7-m\libg_nano.a(lib_a-memmove.o)
                              d:/oliver/embedded systems/embedded programs/imt programs/imt_sdk_win_64/winarm/armgcc/bin/../lib/gcc/arm-none-eabi/7.2.1/../../../../arm-none-eabi/lib/thumb/v7-m\libg_nano.a(lib_a-nano-svfprintf.o) (memmove)
d:/oliver/embedded systems/embedded programs/imt programs/imt_sdk_win_64/winarm/armgcc/bin/../lib/gcc/arm-none-eabi/7.2.1/../../../../arm-none-eabi/lib/thumb/v7-m\libg_nano.a(lib_a-nano-freer.o)
                              d:/oliver/embedded systems/embedded programs/imt programs/imt_sdk_win_64/winarm/armgcc/bin/../lib/gcc/arm-none-eabi/7.2.1/../../../../arm-none-eabi/lib/thumb/v7-m\libg_nano.a(lib_a-nano-svfprintf.o) (_free_r)
d:/oliver/embedded systems/embedded programs/imt programs/imt_sdk_win_64/winarm/armgcc/bin/../lib/gcc/arm-none-eabi/7.2.1/../../../../arm-none-eabi/lib/thumb/v7-m\libg_nano.a(lib_a-nano-mallocr.o)
                              d:/oliver/embedded systems/embedded programs/imt programs/imt_sdk_win_64/winarm/armgcc/bin/../lib/gcc/arm-none-eabi/7.2.1/../../../../arm-none-eabi/lib/thumb/v7-m\libg_nano.a(lib_a-nano-svfprintf.o) (_malloc_r)
d:/oliver/embedded systems/embedded programs/imt programs/imt_sdk_win_64/winarm/armgcc/bin/../lib/gcc/arm-none-eabi/7.2.1/../../../../arm-none-eabi/lib/thumb/v7-m\libg_nano.a(lib_a-nano-reallocr.o)
                              d:/oliver/embedded systems/embedded programs/imt programs/imt_sdk_win_64/winarm/armgcc/bin/../lib/gcc/arm-none-eabi/7.2.1/../../../../arm-none-eabi/lib/thumb/v7-m\libg_nano.a(lib_a-nano-svfprintf.o) (_realloc_r)
d:/oliver/embedded systems/embedded programs/imt programs/imt_sdk_win_64/winarm/armgcc/bin/../lib/gcc/arm-none-eabi/7.2.1/../../../../arm-none-eabi/lib/thumb/v7-m\libg_nano.a(lib_a-sbrkr.o)
[...]
Memory Configuration

Name             Origin             Length             Attributes
RAM              0x20000000         0x00005000         xrw
CCMRAM           0x00000000         0x00000000         xrw
FLASH            0x08000000         0x00020000         xr
FLASHB1          0x00000000         0x00000000         xr
EXTMEMB0         0x00000000         0x00000000         xr
EXTMEMB1         0x00000000         0x00000000         xr
EXTMEMB2         0x00000000         0x00000000         xr
EXTMEMB3         0x00000000         0x00000000         xr
MEMORY_ARRAY     0x00000000         0x00000000         xrw
*default*        0x00000000         0xffffffff

Linker script and memory map

LOAD ./system/src/stm32f1-stdperiph/misc.o
LOAD ./system/src/stm32f1-stdperiph/stm32f10x_gpio.o
LOAD ./system/src/stm32f1-stdperiph/stm32f10x_rcc.o
LOAD ./system/src/newlib/_cxx.o
LOAD ./system/src/newlib/_exit.o
LOAD ./system/src/newlib/_sbrk.o
LOAD ./system/src/newlib/_startup.o
LOAD ./system/src/newlib/_syscalls.o
LOAD ./system/src/newlib/assert.o
LOAD ./system/src/diag/Trace.o
LOAD ./system/src/diag/trace_impl.o
LOAD ./system/src/cortexm/_initialize_hardware.o
LOAD ./system/src/cortexm/_reset_hardware.o
LOAD ./system/src/cortexm/exception_handlers.o
LOAD ./system/src/cmsis/system_stm32f10x.o
LOAD ./system/src/cmsis/vectors_stm32f10x.o
LOAD ./src/BlinkLed.o
LOAD ./src/Timer.o
LOAD ./src/_write.o
LOAD ./src/main.o
LOAD d:/oliver/embedded systems/embedded programs/imt programs/imt_sdk_win_64/winarm/armgcc/bin/../lib/gcc/arm-none-eabi/7.2.1/../../../../arm-none-eabi/lib/thumb/v7-m\libstdc++_nano.a
LOAD d:/oliver/embedded systems/embedded programs/imt programs/imt_sdk_win_64/winarm/armgcc/bin/../lib/gcc/arm-none-eabi/7.2.1/../../../../arm-none-eabi/lib/thumb/v7-m\libm.a
START GROUP
LOAD d:/oliver/embedded systems/embedded programs/imt programs/imt_sdk_win_64/winarm/armgcc/bin/../lib/gcc/arm-none-eabi/7.2.1/thumb/v7-m\libgcc.a
LOAD d:/oliver/embedded systems/embedded programs/imt programs/imt_sdk_win_64/winarm/armgcc/bin/../lib/gcc/arm-none-eabi/7.2.1/../../../../arm-none-eabi/lib/thumb/v7-m\libg_nano.a
LOAD d:/oliver/embedded systems/embedded programs/imt programs/imt_sdk_win_64/winarm/armgcc/bin/../lib/gcc/arm-none-eabi/7.2.1/../../../../arm-none-eabi/lib/thumb/v7-m\libc_nano.a
END GROUP
START GROUP
LOAD d:/oliver/embedded systems/embedded programs/imt programs/imt_sdk_win_64/winarm/armgcc/bin/../lib/gcc/arm-none-eabi/7.2.1/thumb/v7-m\libgcc.a
LOAD d:/oliver/embedded systems/embedded programs/imt programs/imt_sdk_win_64/winarm/armgcc/bin/../lib/gcc/arm-none-eabi/7.2.1/../../../../arm-none-eabi/lib/thumb/v7-m\libc_nano.a
END GROUP
                0x20005000                __stack = (ORIGIN (RAM) + LENGTH (RAM))
                0x20005000                _estack = __stack
                0x00000400                __Main_Stack_Size = 0x400
                [!provide]                PROVIDE (_Main_Stack_Size, __Main_Stack_Size)
                0x20004c00                __Main_Stack_Limit = (__stack - __Main_Stack_Size)
                [!provide]                PROVIDE (_Main_Stack_Limit, __Main_Stack_Limit)
                0x00000100                _Minimum_Stack_Size = 0x100
                0x20000128                PROVIDE (_Heap_Begin, _end_noinit)
                0x20004c00                PROVIDE (_Heap_Limit, (__stack - __Main_Stack_Size))

.isr_vector     0x08000000      0x350
 FILL mask 0xff
                0x08000000                __vectors_start = ABSOLUTE (.)
                0x08000000                __vectors_start__ = ABSOLUTE (.)
 *(.isr_vector)
 .isr_vector    0x08000000      0x10c ./system/src/cmsis/vectors_stm32f10x.o
                0x08000000                __isr_vectors
 *(.cfmconfig)
 *(.after_vectors .after_vectors.*)
 .after_vectors
                0x0800010c      0x114 ./system/src/newlib/_startup.o
                0x0800010c                _start
 .after_vectors
                0x08000220      0x12c ./system/src/cortexm/exception_handlers.o
                0x08000220                Reset_Handler
                0x08000226                NMI_Handler
                0x0800022a                HardFault_Handler
                0x0800023e                HardFault_Handler_C
                0x0800029c                MemManage_Handler
                0x080002a0                BusFault_Handler
                0x080002b4                BusFault_Handler_C
                0x080002e8                UsageFault_Handler
                0x080002fc                UsageFault_Handler_C
                0x08000330                SVC_Handler
                0x08000334                DebugMon_Handler
                0x08000338                PendSV_Handler
 .after_vectors
                0x0800034c        0x4 ./system/src/cmsis/vectors_stm32f10x.o
                0x0800034c                EXTI2_IRQHandler
                0x0800034c                TIM8_TRG_COM_IRQHandler
                0x0800034c                TIM8_CC_IRQHandler
                0x0800034c                TIM1_CC_IRQHandler
                0x0800034c                TIM6_IRQHandler
                0x0800034c                PVD_IRQHandler
                0x0800034c                SDIO_IRQHandler
                0x0800034c                CAN2_RX1_IRQHandler
                0x0800034c                EXTI3_IRQHandler
                0x0800034c                TIM8_TRG_COM_TIM14_IRQHandler
                0x0800034c                TIM1_UP_TIM10_IRQHandler
                0x0800034c                TIM8_UP_TIM13_IRQHandler
                0x0800034c                EXTI0_IRQHandler
                0x0800034c                I2C2_EV_IRQHandler
                0x0800034c                CAN1_RX0_IRQHandler
                0x0800034c                TIM1_UP_TIM16_IRQHandler
                0x0800034c                CAN2_SCE_IRQHandler
                0x0800034c                ADC1_2_IRQHandler
                0x0800034c                SPI1_IRQHandler
                0x0800034c                TAMPER_IRQHandler
                0x0800034c                TIM6_DAC_IRQHandler
                0x0800034c                TIM1_BRK_TIM9_IRQHandler
                0x0800034c                CAN2_RX0_IRQHandler
                0x0800034c                TIM8_UP_IRQHandler
                0x0800034c                DMA2_Channel2_IRQHandler
                0x0800034c                DMA1_Channel4_IRQHandler
                0x0800034c                USART3_IRQHandler
                0x0800034c                RTC_IRQHandler
                0x0800034c                DMA1_Channel7_IRQHandler
                0x0800034c                CAN1_RX1_IRQHandler
                0x0800034c                UART5_IRQHandler
                0x0800034c                ADC3_IRQHandler
                0x0800034c                TIM4_IRQHandler
                0x0800034c                DMA2_Channel1_IRQHandler
                0x0800034c                I2C1_EV_IRQHandler
                0x0800034c                DMA1_Channel6_IRQHandler
                0x0800034c                UART4_IRQHandler
                0x0800034c                DMA2_Channel4_IRQHandler
                0x0800034c                TIM3_IRQHandler
                0x0800034c                RCC_IRQHandler
                0x0800034c                TIM8_BRK_TIM12_IRQHandler
                0x0800034c                TIM1_TRG_COM_IRQHandler
                0x0800034c                DMA1_Channel1_IRQHandler
                0x0800034c                Default_Handler
                0x0800034c                CEC_IRQHandler
                0x0800034c                EXTI15_10_IRQHandler
                0x0800034c                TIM14_IRQHandler
                0x0800034c                TIM13_IRQHandler
                0x0800034c                TIM12_IRQHandler
                0x0800034c                TIM7_IRQHandler
                0x0800034c                CAN2_TX_IRQHandler
                0x0800034c                TIM5_IRQHandler
                0x0800034c                EXTI9_5_IRQHandler
                0x0800034c                ETH_WKUP_IRQHandler
                0x0800034c                SPI2_IRQHandler
                0x0800034c                CAN1_TX_IRQHandler
                0x0800034c                DMA2_Channel5_IRQHandler
                0x0800034c                DMA1_Channel5_IRQHandler
                0x0800034c                EXTI4_IRQHandler
                0x0800034c                USB_LP_CAN1_RX0_IRQHandler
                0x0800034c                TIM1_TRG_COM_TIM17_IRQHandler
                0x0800034c                USB_HP_CAN1_TX_IRQHandler
                0x0800034c                DMA1_Channel3_IRQHandler
                0x0800034c                FSMC_IRQHandler
                0x0800034c                ETH_IRQHandler
                0x0800034c                TIM1_UP_IRQHandler
                0x0800034c                WWDG_IRQHandler
                0x0800034c                TIM2_IRQHandler
                0x0800034c                OTG_FS_WKUP_IRQHandler
                0x0800034c                TIM1_TRG_COM_TIM11_IRQHandler
                0x0800034c                TIM1_BRK_IRQHandler
                0x0800034c                EXTI1_IRQHandler
                0x0800034c                RTCAlarm_IRQHandler
                0x0800034c                DMA2_Channel4_5_IRQHandler
                0x0800034c                USART2_IRQHandler
                0x0800034c                I2C2_ER_IRQHandler
                0x0800034c                DMA1_Channel2_IRQHandler
                0x0800034c                TIM8_BRK_IRQHandler
                0x0800034c                CAN1_SCE_IRQHandler
                0x0800034c                FLASH_IRQHandler
                0x0800034c                USART1_IRQHandler
                0x0800034c                OTG_FS_IRQHandler
                0x0800034c                SPI3_IRQHandler
                0x0800034c                I2C1_ER_IRQHandler
                0x0800034c                USBWakeUp_IRQHandler
                0x0800034c                DMA2_Channel3_IRQHandler
                0x0800034c                TIM1_BRK_TIM15_IRQHandler

.inits          0x08000350       0x28
                0x08000350                __data_regions_array_start = .
                0x08000350        0x4 LONG 0x80015ac LOADADDR (.data)
                0x08000354        0x4 LONG 0x20000000 ADDR (.data)
                0x08000358        0x4 LONG 0x20000088 (ADDR (.data) + SIZEOF (.data))
                0x0800035c        0x4 LONG 0x80015ac LOADADDR (.data_CCMRAM)
                0x08000360        0x4 LONG 0x0 ADDR (.data_CCMRAM)
                0x08000364        0x4 LONG 0x0 (ADDR (.data_CCMRAM) + SIZEOF (.data_CCMRAM))
                0x08000368                __data_regions_array_end = .
                0x08000368                __bss_regions_array_start = .
                0x08000368        0x4 LONG 0x20000088 ADDR (.bss)
                0x0800036c        0x4 LONG 0x20000128 (ADDR (.bss) + SIZEOF (.bss))
                0x08000370        0x4 LONG 0x0 ADDR (.bss_CCMRAM)
                0x08000374        0x4 LONG 0x0 (ADDR (.bss_CCMRAM) + SIZEOF (.bss_CCMRAM))
                0x08000378                __bss_regions_array_end = .
 *(.init)
 *(.fini)
                0x08000378                . = ALIGN (0x4)
                0x08000378                PROVIDE (__preinit_array_start, .)
 *(.preinit_array_sysinit .preinit_array_sysinit.*)
 *(.preinit_array_platform .preinit_array_platform.*)
 *(.preinit_array .preinit_array.*)
                0x08000378                PROVIDE (__preinit_array_end, .)
                0x08000378                . = ALIGN (0x4)
                0x08000378                PROVIDE (__init_array_start, .)
 *(SORT_BY_NAME(.init_array.*))
 *(.init_array)
                0x08000378                PROVIDE (__init_array_end, .)
                0x08000378                . = ALIGN (0x4)
                0x08000378                PROVIDE (__fini_array_start, .)
 *(SORT_BY_NAME(.fini_array.*))
 *(.fini_array)
                0x08000378                PROVIDE (__fini_array_end, .)

.flashtext
 *(.flashtext .flashtext.*)

.text           0x08000378     0x1233
 *(.text .text.*)
 .text.GPIO_Init
                0x08000378      0x134 ./system/src/stm32f1-stdperiph/stm32f10x_gpio.o
                0x08000378                GPIO_Init
 .text.GPIO_SetBits
                0x080004ac       0x60 ./system/src/stm32f1-stdperiph/stm32f10x_gpio.o
                0x080004ac                GPIO_SetBits
 .text.GPIO_ResetBits
                0x0800050c       0x60 ./system/src/stm32f1-stdperiph/stm32f10x_gpio.o
                0x0800050c                GPIO_ResetBits
 .text.RCC_APB2PeriphClockCmd
                0x0800056c       0x4c ./system/src/stm32f1-stdperiph/stm32f10x_rcc.o
                0x0800056c                RCC_APB2PeriphClockCmd
 .text._exit    0x080005b8        0x2 ./system/src/newlib/_exit.o
                0x080005b8                _exit
 *fill*         0x080005ba        0x2 
 .text.abort    0x080005bc       0x14 ./system/src/newlib/_exit.o
                0x080005bc                abort
 .text._sbrk    0x080005d0       0x44 ./system/src/newlib/_sbrk.o
                0x080005d0                _sbrk
 .text.__initialize_args
                0x08000614       0x10 ./system/src/newlib/_syscalls.o
                0x08000614                __initialize_args
 .text.assert_failed
                0x08000624       0x14 ./system/src/newlib/assert.o
                0x08000624                assert_failed
 .text.trace_printf
                0x08000638       0x30 ./system/src/diag/Trace.o
                0x08000638                trace_printf
 .text.trace_puts
                0x08000668       0x20 ./system/src/diag/Trace.o
                0x08000668                trace_puts
 .text._trace_write_semihosting_debug
                0x08000688       0x60 ./system/src/diag/trace_impl.o
 .text.trace_write
                0x080006e8        0x8 ./system/src/diag/trace_impl.o
                0x080006e8                trace_write
 .text.__initialize_hardware_early
                0x080006f0       0x18 ./system/src/cortexm/_initialize_hardware.o
                0x080006f0                __initialize_hardware_early
 .text.__initialize_hardware
                0x08000708        0x8 ./system/src/cortexm/_initialize_hardware.o
                0x08000708                __initialize_hardware
 .text.dumpExceptionStack
                0x08000710       0xf4 ./system/src/cortexm/exception_handlers.o
                0x08000710                dumpExceptionStack
 .text.isSemihosting
                0x08000804       0x20 ./system/src/cortexm/exception_handlers.o
                0x08000804                isSemihosting
 .text.SetSysClockTo72
                0x08000824       0xc4 ./system/src/cmsis/system_stm32f10x.o
 .text.SetSysClock
                0x080008e8        0x8 ./system/src/cmsis/system_stm32f10x.o
 .text.SystemInit
                0x080008f0       0x50 ./system/src/cmsis/system_stm32f10x.o
                0x080008f0                SystemInit
 .text.SystemCoreClockUpdate
                0x08000940       0x94 ./system/src/cmsis/system_stm32f10x.o
                0x08000940                SystemCoreClockUpdate
 .text.blink_led_init
                0x080009d4       0x3c ./src/BlinkLed.o
                0x080009d4                blink_led_init
 .text.timer_start
                0x08000a10       0x3c ./src/Timer.o
                0x08000a10                timer_start
 .text.timer_sleep
                0x08000a4c       0x14 ./src/Timer.o
                0x08000a4c                timer_sleep
 .text.timer_tick
                0x08000a60       0x14 ./src/Timer.o
                0x08000a60                timer_tick
 .text.SysTick_Handler
                0x08000a74        0x8 ./src/Timer.o
                0x08000a74                SysTick_Handler
 .text.main     0x08000a7c       0x68 ./src/main.o
                0x08000a7c                main
 .text.__errno  0x08000ae4        0xc d:/oliver/embedded systems/embedded programs/imt programs/imt_sdk_win_64/winarm/armgcc/bin/../lib/gcc/arm-none-eabi/7.2.1/../../../../arm-none-eabi/lib/thumb/v7-m\libg_nano.a(lib_a-errno.o)
                0x08000ae4                __errno
 .text          0x08000af0       0x10 d:/oliver/embedded systems/embedded programs/imt programs/imt_sdk_win_64/winarm/armgcc/bin/../lib/gcc/arm-none-eabi/7.2.1/../../../../arm-none-eabi/lib/thumb/v7-m\libg_nano.a(lib_a-strlen.o)
                0x08000af0                strlen
 .text._vsnprintf_r
                0x08000b00       0x58 d:/oliver/embedded systems/embedded programs/imt programs/imt_sdk_win_64/winarm/armgcc/bin/../lib/gcc/arm-none-eabi/7.2.1/../../../../arm-none-eabi/lib/thumb/v7-m\libg_nano.a(lib_a-vsnprintf.o)
                0x08000b00                _vsniprintf_r
                0x08000b00                _vsnprintf_r
 .text.vsnprintf
                0x08000b58       0x1c d:/oliver/embedded systems/embedded programs/imt programs/imt_sdk_win_64/winarm/armgcc/bin/../lib/gcc/arm-none-eabi/7.2.1/../../../../arm-none-eabi/lib/thumb/v7-m\libg_nano.a(lib_a-vsnprintf.o)
                0x08000b58                vsniprintf
                0x08000b58                vsnprintf
 .text.__ssputs_r
                0x08000b74       0xb4 d:/oliver/embedded systems/embedded programs/imt programs/imt_sdk_win_64/winarm/armgcc/bin/../lib/gcc/arm-none-eabi/7.2.1/../../../../arm-none-eabi/lib/thumb/v7-m\libg_nano.a(lib_a-nano-svfprintf.o)
                0x08000b74                __ssputs_r
 .text._svfprintf_r
                0x08000c28      0x1ec d:/oliver/embedded systems/embedded programs/imt programs/imt_sdk_win_64/winarm/armgcc/bin/../lib/gcc/arm-none-eabi/7.2.1/../../../../arm-none-eabi/lib/thumb/v7-m\libg_nano.a(lib_a-nano-svfprintf.o)
                0x08000c28                _svfiprintf_r
                0x08000c28                _svfprintf_r
 .text._printf_common
                0x08000e14       0xec d:/oliver/embedded systems/embedded programs/imt programs/imt_sdk_win_64/winarm/armgcc/bin/../lib/gcc/arm-none-eabi/7.2.1/../../../../arm-none-eabi/lib/thumb/v7-m\libg_nano.a(lib_a-nano-vfprintf_i.o)
                0x08000e14                _printf_common
 .text._printf_i
                0x08000f00      0x224 d:/oliver/embedded systems/embedded programs/imt programs/imt_sdk_win_64/winarm/armgcc/bin/../lib/gcc/arm-none-eabi/7.2.1/../../../../arm-none-eabi/lib/thumb/v7-m\libg_nano.a(lib_a-nano-vfprintf_i.o)
                0x08000f00                _printf_i
 .text.memchr   0x08001124       0x1c d:/oliver/embedded systems/embedded programs/imt programs/imt_sdk_win_64/winarm/armgcc/bin/../lib/gcc/arm-none-eabi/7.2.1/../../../../arm-none-eabi/lib/thumb/v7-m\libg_nano.a(lib_a-memchr-stub.o)
                0x08001124                memchr
 .text.memcpy   0x08001140       0x16 d:/oliver/embedded systems/embedded programs/imt programs/imt_sdk_win_64/winarm/armgcc/bin/../lib/gcc/arm-none-eabi/7.2.1/../../../../arm-none-eabi/lib/thumb/v7-m\libg_nano.a(lib_a-memcpy-stub.o)
                0x08001140                memcpy
 .text.memmove  0x08001156       0x32 d:/oliver/embedded systems/embedded programs/imt programs/imt_sdk_win_64/winarm/armgcc/bin/../lib/gcc/arm-none-eabi/7.2.1/../../../../arm-none-eabi/lib/thumb/v7-m\libg_nano.a(lib_a-memmove.o)
                0x08001156                memmove
 .text._free_r  0x08001188       0x98 d:/oliver/embedded systems/embedded programs/imt programs/imt_sdk_win_64/winarm/armgcc/bin/../lib/gcc/arm-none-eabi/7.2.1/../../../../arm-none-eabi/lib/thumb/v7-m\libg_nano.a(lib_a-nano-freer.o)
                0x08001188                _free_r
 .text._malloc_r
                0x08001220       0xb4 d:/oliver/embedded systems/embedded programs/imt programs/imt_sdk_win_64/winarm/armgcc/bin/../lib/gcc/arm-none-eabi/7.2.1/../../../../arm-none-eabi/lib/thumb/v7-m\libg_nano.a(lib_a-nano-mallocr.o)
                0x08001220                _malloc_r
 .text._realloc_r
                0x080012d4       0x4c d:/oliver/embedded systems/embedded programs/imt programs/imt_sdk_win_64/winarm/armgcc/bin/../lib/gcc/arm-none-eabi/7.2.1/../../../../arm-none-eabi/lib/thumb/v7-m\libg_nano.a(lib_a-nano-reallocr.o)
                0x080012d4                _realloc_r
 .text._sbrk_r  0x08001320       0x20 d:/oliver/embedded systems/embedded programs/imt programs/imt_sdk_win_64/winarm/armgcc/bin/../lib/gcc/arm-none-eabi/7.2.1/../../../../arm-none-eabi/lib/thumb/v7-m\libg_nano.a(lib_a-sbrkr.o)
                0x08001320                _sbrk_r
 .text.__malloc_lock
                0x08001340        0x2 d:/oliver/embedded systems/embedded programs/imt programs/imt_sdk_win_64/winarm/armgcc/bin/../lib/gcc/arm-none-eabi/7.2.1/../../../../arm-none-eabi/lib/thumb/v7-m\libg_nano.a(lib_a-mlock.o)
                0x08001340                __malloc_lock
 .text.__malloc_unlock
                0x08001342        0x2 d:/oliver/embedded systems/embedded programs/imt programs/imt_sdk_win_64/winarm/armgcc/bin/../lib/gcc/arm-none-eabi/7.2.1/../../../../arm-none-eabi/lib/thumb/v7-m\libg_nano.a(lib_a-mlock.o)
                0x08001342                __malloc_unlock
 .text._malloc_usable_size_r
                0x08001344       0x10 d:/oliver/embedded systems/embedded programs/imt programs/imt_sdk_win_64/winarm/armgcc/bin/../lib/gcc/arm-none-eabi/7.2.1/../../../../arm-none-eabi/lib/thumb/v7-m\libg_nano.a(lib_a-nano-msizer.o)
                0x08001344                _malloc_usable_size_r
 *(.rodata .rodata.* .constdata .constdata.*)
 .rodata.GPIO_DeInit.str1.4
                0x08001354       0x31 ./system/src/stm32f1-stdperiph/stm32f10x_gpio.o
 *fill*         0x08001385        0x3 
 .rodata.RCC_HSEConfig.str1.4
                0x08001388       0x30 ./system/src/stm32f1-stdperiph/stm32f10x_rcc.o
 .rodata.abort.str1.4
                0x080013b8       0x14 ./system/src/newlib/_exit.o
 .rodata.assert_failed.str1.4
                0x080013cc       0x2b ./system/src/newlib/assert.o
 .rodata.trace_puts.str1.4
                0x080013f7       0x2b ./system/src/diag/Trace.o
                                  0x2 (size before relaxing)
 *fill*         0x080013f7        0x1 
 .rodata.dumpExceptionStack.str1.4
                0x080013f8      0x11a ./system/src/cortexm/exception_handlers.o
 *fill*         0x08001512        0x2 
 .rodata.str1.4
                0x08001514       0x2a ./system/src/cortexm/exception_handlers.o
 *fill*         0x0800153e        0x2 
 .rodata.main.str1.4
                0x08001540       0x38 ./src/main.o
                                 0x37 (size before relaxing)
 .rodata._svfprintf_r.str1.1
                0x08001578       0x11 d:/oliver/embedded systems/embedded programs/imt programs/imt_sdk_win_64/winarm/armgcc/bin/../lib/gcc/arm-none-eabi/7.2.1/../../../../arm-none-eabi/lib/thumb/v7-m\libg_nano.a(lib_a-nano-svfprintf.o)
 .rodata._printf_i.str1.1
                0x08001589       0x22 d:/oliver/embedded systems/embedded programs/imt programs/imt_sdk_win_64/winarm/armgcc/bin/../lib/gcc/arm-none-eabi/7.2.1/../../../../arm-none-eabi/lib/thumb/v7-m\libg_nano.a(lib_a-nano-vfprintf_i.o)
 *(vtable)
 *(.eh_frame*)
 *(.glue_7)
 .glue_7        0x080015ab        0x0 linker stubs
 *(.glue_7t)
 .glue_7t       0x080015ab        0x0 linker stubs

.vfp11_veneer   0x080015ac        0x0
 .vfp11_veneer  0x080015ac        0x0 linker stubs

.v4_bx          0x080015ac        0x0
 .v4_bx         0x080015ac        0x0 linker stubs

.iplt           0x080015ac        0x0
 .iplt          0x080015ac        0x0 ./system/src/stm32f1-stdperiph/stm32f10x_gpio.o

.rel.dyn        0x080015ac        0x0
 .rel.iplt      0x080015ac        0x0 ./system/src/stm32f1-stdperiph/stm32f10x_gpio.o

.ARM.extab
 *(.ARM.extab* .gnu.linkonce.armextab.*)
                0x080015ac                . = ALIGN (0x4)
                0x080015ac                __exidx_start = .

.ARM.exidx
 *(.ARM.exidx* .gnu.linkonce.armexidx.*)
                0x080015ac                __exidx_end = .
                0x080015ac                . = ALIGN (0x4)
                0x080015ac                _etext = .
                0x080015ac                __etext = .

.data_CCMRAM    0x00000000        0x0 load address 0x080015ac
 FILL mask 0xff
 *(.data.CCMRAM .data.CCMRAM.*)
                0x00000000                . = ALIGN (0x4)
                0x080015ac                _sidata = LOADADDR (.data)

.data           0x20000000       0x88 load address 0x080015ac
 FILL mask 0xff
                0x20000000                _sdata = .
                0x20000000                __data_start__ = .
 *(.data_begin .data_begin.*)
 .data_begin    0x20000000        0x4 ./system/src/newlib/_startup.o
 *(.data .data.*)
 .data.argv.4310
                0x20000004        0x8 ./system/src/newlib/_syscalls.o
 .data.AHBPrescTable
                0x2000000c       0x10 ./system/src/cmsis/system_stm32f10x.o
                0x2000000c                AHBPrescTable
 .data.SystemCoreClock
                0x2000001c        0x4 ./system/src/cmsis/system_stm32f10x.o
                0x2000001c                SystemCoreClock
 .data._impure_ptr
                0x20000020        0x4 d:/oliver/embedded systems/embedded programs/imt programs/imt_sdk_win_64/winarm/armgcc/bin/../lib/gcc/arm-none-eabi/7.2.1/../../../../arm-none-eabi/lib/thumb/v7-m\libg_nano.a(lib_a-impure.o)
                0x20000020                _impure_ptr
 .data.impure_data
                0x20000024       0x60 d:/oliver/embedded systems/embedded programs/imt programs/imt_sdk_win_64/winarm/armgcc/bin/../lib/gcc/arm-none-eabi/7.2.1/../../../../arm-none-eabi/lib/thumb/v7-m\libg_nano.a(lib_a-impure.o)
 *(.data_end .data_end.*)
 .data_end      0x20000084        0x4 ./system/src/newlib/_startup.o
                0x20000088                . = ALIGN (0x4)
                0x20000088                _edata = .
                0x20000088                __data_end__ = .

.igot.plt       0x20000088        0x0 load address 0x08001634
 .igot.plt      0x20000088        0x0 ./system/src/stm32f1-stdperiph/stm32f10x_gpio.o

.bss_CCMRAM     0x00000000        0x0
 *(.bss.CCMRAM .bss.CCMRAM.*)

.bss            0x20000088       0xa0
                0x20000088                __bss_start__ = .
                0x20000088                _sbss = .
 *(.bss_begin .bss_begin.*)
 .bss_begin     0x20000088        0x4 ./system/src/newlib/_startup.o
 *(.bss .bss.*)
 .bss.current_heap_end.3961
                0x2000008c        0x4 ./system/src/newlib/_sbrk.o
 .bss.name.4309
                0x20000090        0x1 ./system/src/newlib/_syscalls.o
 *fill*         0x20000091        0x3 
 .bss.buf.5205  0x20000094       0x80 ./system/src/diag/Trace.o
 .bss.__malloc_free_list
                0x20000114        0x4 d:/oliver/embedded systems/embedded programs/imt programs/imt_sdk_win_64/winarm/armgcc/bin/../lib/gcc/arm-none-eabi/7.2.1/../../../../arm-none-eabi/lib/thumb/v7-m\libg_nano.a(lib_a-nano-mallocr.o)
                0x20000114                __malloc_free_list
 .bss.__malloc_sbrk_start
                0x20000118        0x4 d:/oliver/embedded systems/embedded programs/imt programs/imt_sdk_win_64/winarm/armgcc/bin/../lib/gcc/arm-none-eabi/7.2.1/../../../../arm-none-eabi/lib/thumb/v7-m\libg_nano.a(lib_a-nano-mallocr.o)
                0x20000118                __malloc_sbrk_start
 *(COMMON)
 COMMON         0x2000011c        0x4 ./system/src/newlib/_syscalls.o
                0x2000011c                errno
 COMMON         0x20000120        0x4 ./src/Timer.o
                0x20000120                timer_delayCount
 *(.bss_end .bss_end.*)
 .bss_end       0x20000124        0x4 ./system/src/newlib/_startup.o
                0x20000128                . = ALIGN (0x4)
                0x20000128                __bss_end__ = .
                0x20000128                _ebss = .

.noinit_CCMRAM
 *(.noinit.CCMRAM .noinit.CCMRAM.*)

.noinit         0x20000128        0x0
                0x20000128                _noinit = .
 *(.noinit .noinit.*)
                0x20000128                . = ALIGN (0x4)
                0x20000128                _end_noinit = .
                [!provide]                PROVIDE (end, _end_noinit)
                [!provide]                PROVIDE (_end, _end_noinit)
                [!provide]                PROVIDE (__end, _end_noinit)
                [!provide]                PROVIDE (__end__, _end_noinit)

._check_stack   0x20000128      0x100
                0x20000228                . = (. + _Minimum_Stack_Size)
 *fill*         0x20000128      0x100 

.b1text
 *(.b1text)
 *(.b1rodata)
 *(.b1rodata.*)

.eb0text
 *(.eb0text)
 *(.eb0rodata)
 *(.eb0rodata.*)

.eb1text
 *(.eb1text)
 *(.eb1rodata)
 *(.eb1rodata.*)

.eb2text
 *(.eb2text)
 *(.eb2rodata)
 *(.eb2rodata.*)

.eb3text
 *(.eb3text)
 *(.eb3rodata)
 *(.eb3rodata.*)

.stab
 *(.stab)

.stabstr
 *(.stabstr)

.stab.excl
 *(.stab.excl)

.stab.exclstr
 *(.stab.exclstr)

.stab.index
 *(.stab.index)

.stab.indexstr
 *(.stab.indexstr)

.comment        0x00000000       0x7e
 *(.comment)
 .comment       0x00000000       0x7e ./system/src/stm32f1-stdperiph/stm32f10x_gpio.o
                                 0x7f (size before relaxing)
 .comment       0x0000007e       0x7f ./system/src/stm32f1-stdperiph/stm32f10x_rcc.o
 .comment       0x0000007e       0x7f ./system/src/newlib/_exit.o
 .comment       0x0000007e       0x7f ./system/src/newlib/_sbrk.o
 .comment       0x0000007e       0x7f ./system/src/newlib/_startup.o
 .comment       0x0000007e       0x7f ./system/src/newlib/_syscalls.o
 .comment       0x0000007e       0x7f ./system/src/newlib/assert.o
 .comment       0x0000007e       0x7f ./system/src/diag/Trace.o
 .comment       0x0000007e       0x7f ./system/src/diag/trace_impl.o
 .comment       0x0000007e       0x7f ./system/src/cortexm/_initialize_hardware.o
 .comment       0x0000007e       0x7f ./system/src/cortexm/exception_handlers.o
 .comment       0x0000007e       0x7f ./system/src/cmsis/system_stm32f10x.o
 .comment       0x0000007e       0x7f ./system/src/cmsis/vectors_stm32f10x.o
 .comment       0x0000007e       0x7f ./src/BlinkLed.o
 .comment       0x0000007e       0x7f ./src/Timer.o
 .comment       0x0000007e       0x7f ./src/main.o

.ARM.attributes
                0x00000000       0x31
 .ARM.attributes
                0x00000000       0x33 ./system/src/stm32f1-stdperiph/stm32f10x_gpio.o
 .ARM.attributes
                0x00000033       0x33 ./system/src/stm32f1-stdperiph/stm32f10x_rcc.o
 .ARM.attributes
                0x00000066       0x33 ./system/src/newlib/_exit.o
 .ARM.attributes
                0x00000099       0x33 ./system/src/newlib/_sbrk.o
 .ARM.attributes
                0x000000cc       0x33 ./system/src/newlib/_startup.o
 .ARM.attributes
                0x000000ff       0x33 ./system/src/newlib/_syscalls.o
 .ARM.attributes
                0x00000132       0x33 ./system/src/newlib/assert.o
 .ARM.attributes
                0x00000165       0x33 ./system/src/diag/Trace.o
 .ARM.attributes
                0x00000198       0x33 ./system/src/diag/trace_impl.o
 .ARM.attributes
                0x000001cb       0x33 ./system/src/cortexm/_initialize_hardware.o
 .ARM.attributes
                0x000001fe       0x33 ./system/src/cortexm/exception_handlers.o
 .ARM.attributes
                0x00000231       0x33 ./system/src/cmsis/system_stm32f10x.o
 .ARM.attributes
                0x00000264       0x33 ./system/src/cmsis/vectors_stm32f10x.o
 .ARM.attributes
                0x00000297       0x33 ./src/BlinkLed.o
 .ARM.attributes
                0x000002ca       0x33 ./src/Timer.o
 .ARM.attributes
                0x000002fd       0x33 ./src/main.o
 .ARM.attributes
                0x00000330       0x2d d:/oliver/embedded systems/embedded programs/imt programs/imt_sdk_win_64/winarm/armgcc/bin/../lib/gcc/arm-none-eabi/7.2.1/../../../../arm-none-eabi/lib/thumb/v7-m\libg_nano.a(lib_a-errno.o)
 .ARM.attributes
                0x0000035d       0x2d d:/oliver/embedded systems/embedded programs/imt programs/imt_sdk_win_64/winarm/armgcc/bin/../lib/gcc/arm-none-eabi/7.2.1/../../../../arm-none-eabi/lib/thumb/v7-m\libg_nano.a(lib_a-impure.o)
 .ARM.attributes
                0x0000038a       0x17 d:/oliver/embedded systems/embedded programs/imt programs/imt_sdk_win_64/winarm/armgcc/bin/../lib/gcc/arm-none-eabi/7.2.1/../../../../arm-none-eabi/lib/thumb/v7-m\libg_nano.a(lib_a-strlen.o)
 .ARM.attributes
                0x000003a1       0x2d d:/oliver/embedded systems/embedded programs/imt programs/imt_sdk_win_64/winarm/armgcc/bin/../lib/gcc/arm-none-eabi/7.2.1/../../../../arm-none-eabi/lib/thumb/v7-m\libg_nano.a(lib_a-vsnprintf.o)
 .ARM.attributes
                0x000003ce       0x2d d:/oliver/embedded systems/embedded programs/imt programs/imt_sdk_win_64/winarm/armgcc/bin/../lib/gcc/arm-none-eabi/7.2.1/../../../../arm-none-eabi/lib/thumb/v7-m\libg_nano.a(lib_a-nano-svfprintf.o)
 .ARM.attributes
                0x000003fb       0x2d d:/oliver/embedded systems/embedded programs/imt programs/imt_sdk_win_64/winarm/armgcc/bin/../lib/gcc/arm-none-eabi/7.2.1/../../../../arm-none-eabi/lib/thumb/v7-m\libg_nano.a(lib_a-nano-vfprintf_i.o)
 .ARM.attributes
                0x00000428       0x2d d:/oliver/embedded systems/embedded programs/imt programs/imt_sdk_win_64/winarm/armgcc/bin/../lib/gcc/arm-none-eabi/7.2.1/../../../../arm-none-eabi/lib/thumb/v7-m\libg_nano.a(lib_a-memchr-stub.o)
 .ARM.attributes
                0x00000455       0x2d d:/oliver/embedded systems/embedded programs/imt programs/imt_sdk_win_64/winarm/armgcc/bin/../lib/gcc/arm-none-eabi/7.2.1/../../../../arm-none-eabi/lib/thumb/v7-m\libg_nano.a(lib_a-memcpy-stub.o)
 .ARM.attributes
                0x00000482       0x2d d:/oliver/embedded systems/embedded programs/imt programs/imt_sdk_win_64/winarm/armgcc/bin/../lib/gcc/arm-none-eabi/7.2.1/../../../../arm-none-eabi/lib/thumb/v7-m\libg_nano.a(lib_a-memmove.o)
 .ARM.attributes
                0x000004af       0x2d d:/oliver/embedded systems/embedded programs/imt programs/imt_sdk_win_64/winarm/armgcc/bin/../lib/gcc/arm-none-eabi/7.2.1/../../../../arm-none-eabi/lib/thumb/v7-m\libg_nano.a(lib_a-nano-freer.o)
 .ARM.attributes
                0x000004dc       0x2d d:/oliver/embedded systems/embedded programs/imt programs/imt_sdk_win_64/winarm/armgcc/bin/../lib/gcc/arm-none-eabi/7.2.1/../../../../arm-none-eabi/lib/thumb/v7-m\libg_nano.a(lib_a-nano-mallocr.o)
 .ARM.attributes
                0x00000509       0x2d d:/oliver/embedded systems/embedded programs/imt programs/imt_sdk_win_64/winarm/armgcc/bin/../lib/gcc/arm-none-eabi/7.2.1/../../../../arm-none-eabi/lib/thumb/v7-m\libg_nano.a(lib_a-nano-reallocr.o)
 .ARM.attributes
                0x00000536       0x2d d:/oliver/embedded systems/embedded programs/imt programs/imt_sdk_win_64/winarm/armgcc/bin/../lib/gcc/arm-none-eabi/7.2.1/../../../../arm-none-eabi/lib/thumb/v7-m\libg_nano.a(lib_a-sbrkr.o)
 .ARM.attributes
                0x00000563       0x2d d:/oliver/embedded systems/embedded programs/imt programs/imt_sdk_win_64/winarm/armgcc/bin/../lib/gcc/arm-none-eabi/7.2.1/../../../../arm-none-eabi/lib/thumb/v7-m\libg_nano.a(lib_a-mlock.o)
 .ARM.attributes
                0x00000590       0x2d d:/oliver/embedded systems/embedded programs/imt programs/imt_sdk_win_64/winarm/armgcc/bin/../lib/gcc/arm-none-eabi/7.2.1/../../../../arm-none-eabi/lib/thumb/v7-m\libg_nano.a(lib_a-nano-msizer.o)

.debug
 *(.debug)

.line
 *(.line)

.debug_srcinfo
 *(.debug_srcinfo)

.debug_sfnames
 *(.debug_sfnames)

.debug_aranges  0x00000000      0x490
 *(.debug_aranges)
 .debug_aranges
                0x00000000       0xa8 ./system/src/stm32f1-stdperiph/stm32f10x_gpio.o
 .debug_aranges
                0x000000a8      0x118 ./system/src/stm32f1-stdperiph/stm32f10x_rcc.o
 .debug_aranges
                0x000001c0       0x28 ./system/src/newlib/_exit.o
 .debug_aranges
                0x000001e8       0x20 ./system/src/newlib/_sbrk.o
 .debug_aranges
                0x00000208       0x40 ./system/src/newlib/_startup.o
 .debug_aranges
                0x00000248       0x30 ./system/src/newlib/_syscalls.o
 .debug_aranges
                0x00000278       0x28 ./system/src/newlib/assert.o
 .debug_aranges
                0x000002a0       0x38 ./system/src/diag/Trace.o
 .debug_aranges
                0x000002d8       0x30 ./system/src/diag/trace_impl.o
 .debug_aranges
                0x00000308       0x28 ./system/src/cortexm/_initialize_hardware.o
 .debug_aranges
                0x00000330       0x90 ./system/src/cortexm/exception_handlers.o
 .debug_aranges
                0x000003c0       0x38 ./system/src/cmsis/system_stm32f10x.o
 .debug_aranges
                0x000003f8       0x20 ./system/src/cmsis/vectors_stm32f10x.o
 .debug_aranges
                0x00000418       0x20 ./src/BlinkLed.o
 .debug_aranges
                0x00000438       0x38 ./src/Timer.o
 .debug_aranges
                0x00000470       0x20 ./src/main.o

.debug_pubnames
 *(.debug_pubnames)

.debug_info     0x00000000     0x7ef7
 *(.debug_info .gnu.linkonce.wi.*)
 .debug_info    0x00000000      0xbd3 ./system/src/stm32f1-stdperiph/stm32f10x_gpio.o
 .debug_info    0x00000bd3      0xc77 ./system/src/stm32f1-stdperiph/stm32f10x_rcc.o
 .debug_info    0x0000184a      0x956 ./system/src/newlib/_exit.o
 .debug_info    0x000021a0      0x942 ./system/src/newlib/_sbrk.o
 .debug_info    0x00002ae2      0x42e ./system/src/newlib/_startup.o
 .debug_info    0x00002f10      0xa19 ./system/src/newlib/_syscalls.o
 .debug_info    0x00003929      0x9ff ./system/src/newlib/assert.o
 .debug_info    0x00004328      0xb2a ./system/src/diag/Trace.o
 .debug_info    0x00004e52      0x363 ./system/src/diag/trace_impl.o
 .debug_info    0x000051b5      0x2b5 ./system/src/cortexm/_initialize_hardware.o
 .debug_info    0x0000546a     0x1140 ./system/src/cortexm/exception_handlers.o
 .debug_info    0x000065aa      0x494 ./system/src/cmsis/system_stm32f10x.o
 .debug_info    0x00006a3e       0xca ./system/src/cmsis/vectors_stm32f10x.o
 .debug_info    0x00006b08      0x292 ./src/BlinkLed.o
 .debug_info    0x00006d9a      0x620 ./src/Timer.o
 .debug_info    0x000073ba      0xb3d ./src/main.o

.debug_abbrev   0x00000000     0x1dd1
 *(.debug_abbrev)
 .debug_abbrev  0x00000000      0x209 ./system/src/stm32f1-stdperiph/stm32f10x_gpio.o
 .debug_abbrev  0x00000209      0x20b ./system/src/stm32f1-stdperiph/stm32f10x_rcc.o
 .debug_abbrev  0x00000414      0x1f3 ./system/src/newlib/_exit.o
 .debug_abbrev  0x00000607      0x1fc ./system/src/newlib/_sbrk.o
 .debug_abbrev  0x00000803      0x1b3 ./system/src/newlib/_startup.o
 .debug_abbrev  0x000009b6      0x234 ./system/src/newlib/_syscalls.o
 .debug_abbrev  0x00000bea      0x1f3 ./system/src/newlib/assert.o
 .debug_abbrev  0x00000ddd      0x276 ./system/src/diag/Trace.o
 .debug_abbrev  0x00001053      0x1e2 ./system/src/diag/trace_impl.o
 .debug_abbrev  0x00001235       0xea ./system/src/cortexm/_initialize_hardware.o
 .debug_abbrev  0x0000131f      0x32b ./system/src/cortexm/exception_handlers.o
 .debug_abbrev  0x0000164a      0x177 ./system/src/cmsis/system_stm32f10x.o
 .debug_abbrev  0x000017c1       0x9d ./system/src/cmsis/vectors_stm32f10x.o
 .debug_abbrev  0x0000185e      0x162 ./src/BlinkLed.o
 .debug_abbrev  0x000019c0      0x1bc ./src/Timer.o
 .debug_abbrev  0x00001b7c      0x255 ./src/main.o

.debug_line     0x00000000     0x4f82
 *(.debug_line)
 .debug_line    0x00000000      0x91c ./system/src/stm32f1-stdperiph/stm32f10x_gpio.o
 .debug_line    0x0000091c      0x895 ./system/src/stm32f1-stdperiph/stm32f10x_rcc.o
 .debug_line    0x000011b1      0x3d3 ./system/src/newlib/_exit.o
 .debug_line    0x00001584      0x387 ./system/src/newlib/_sbrk.o
 .debug_line    0x0000190b      0x441 ./system/src/newlib/_startup.o
 .debug_line    0x00001d4c      0x4be ./system/src/newlib/_syscalls.o
 .debug_line    0x0000220a      0x40e ./system/src/newlib/assert.o
 .debug_line    0x00002618      0x44f ./system/src/diag/Trace.o
 .debug_line    0x00002a67      0x6bc ./system/src/diag/trace_impl.o
 .debug_line    0x00003123      0x395 ./system/src/cortexm/_initialize_hardware.o
 .debug_line    0x000034b8      0x77e ./system/src/cortexm/exception_handlers.o
 .debug_line    0x00003c36      0x408 ./system/src/cmsis/system_stm32f10x.o
 .debug_line    0x0000403e      0x121 ./system/src/cmsis/vectors_stm32f10x.o
 .debug_line    0x0000415f      0x36e ./src/BlinkLed.o
 .debug_line    0x000044cd      0x3ee ./src/Timer.o
 .debug_line    0x000048bb      0x6c7 ./src/main.o

.debug_frame    0x00000000      0xd30
 *(.debug_frame)
 .debug_frame   0x00000000      0x1e8 ./system/src/stm32f1-stdperiph/stm32f10x_gpio.o
 .debug_frame   0x000001e8      0x320 ./system/src/stm32f1-stdperiph/stm32f10x_rcc.o
 .debug_frame   0x00000508       0x38 ./system/src/newlib/_exit.o
 .debug_frame   0x00000540       0x28 ./system/src/newlib/_sbrk.o
 .debug_frame   0x00000568       0x7c ./system/src/newlib/_startup.o
 .debug_frame   0x000005e4       0x50 ./system/src/newlib/_syscalls.o
 .debug_frame   0x00000634       0x40 ./system/src/newlib/assert.o
 .debug_frame   0x00000674       0x94 ./system/src/diag/Trace.o
 .debug_frame   0x00000708       0x64 ./system/src/diag/trace_impl.o
 .debug_frame   0x0000076c       0x40 ./system/src/cortexm/_initialize_hardware.o
 .debug_frame   0x000007ac      0x158 ./system/src/cortexm/exception_handlers.o
 .debug_frame   0x00000904       0x6c ./system/src/cmsis/system_stm32f10x.o
 .debug_frame   0x00000970       0x20 ./system/src/cmsis/vectors_stm32f10x.o
 .debug_frame   0x00000990       0x30 ./src/BlinkLed.o
 .debug_frame   0x000009c0       0x58 ./src/Timer.o
 .debug_frame   0x00000a18       0x28 ./src/main.o
 .debug_frame   0x00000a40       0x20 d:/oliver/embedded systems/embedded programs/imt programs/imt_sdk_win_64/winarm/armgcc/bin/../lib/gcc/arm-none-eabi/7.2.1/../../../../arm-none-eabi/lib/thumb/v7-m\libg_nano.a(lib_a-errno.o)
 .debug_frame   0x00000a60       0x4c d:/oliver/embedded systems/embedded programs/imt programs/imt_sdk_win_64/winarm/armgcc/bin/../lib/gcc/arm-none-eabi/7.2.1/../../../../arm-none-eabi/lib/thumb/v7-m\libg_nano.a(lib_a-vsnprintf.o)
 .debug_frame   0x00000aac       0x90 d:/oliver/embedded systems/embedded programs/imt programs/imt_sdk_win_64/winarm/armgcc/bin/../lib/gcc/arm-none-eabi/7.2.1/../../../../arm-none-eabi/lib/thumb/v7-m\libg_nano.a(lib_a-nano-svfprintf.o)
 .debug_frame   0x00000b3c       0x60 d:/oliver/embedded systems/embedded programs/imt programs/imt_sdk_win_64/winarm/armgcc/bin/../lib/gcc/arm-none-eabi/7.2.1/../../../../arm-none-eabi/lib/thumb/v7-m\libg_nano.a(lib_a-nano-vfprintf_i.o)
 .debug_frame   0x00000b9c       0x28 d:/oliver/embedded systems/embedded programs/imt programs/imt_sdk_win_64/winarm/armgcc/bin/../lib/gcc/arm-none-eabi/7.2.1/../../../../arm-none-eabi/lib/thumb/v7-m\libg_nano.a(lib_a-memchr-stub.o)
 .debug_frame   0x00000bc4       0x28 d:/oliver/embedded systems/embedded programs/imt programs/imt_sdk_win_64/winarm/armgcc/bin/../lib/gcc/arm-none-eabi/7.2.1/../../../../arm-none-eabi/lib/thumb/v7-m\libg_nano.a(lib_a-memcpy-stub.o)
 .debug_frame   0x00000bec       0x28 d:/oliver/embedded systems/embedded programs/imt programs/imt_sdk_win_64/winarm/armgcc/bin/../lib/gcc/arm-none-eabi/7.2.1/../../../../arm-none-eabi/lib/thumb/v7-m\libg_nano.a(lib_a-memmove.o)
 .debug_frame   0x00000c14       0x38 d:/oliver/embedded systems/embedded programs/imt programs/imt_sdk_win_64/winarm/armgcc/bin/../lib/gcc/arm-none-eabi/7.2.1/../../../../arm-none-eabi/lib/thumb/v7-m\libg_nano.a(lib_a-nano-freer.o)
 .debug_frame   0x00000c4c       0x2c d:/oliver/embedded systems/embedded programs/imt programs/imt_sdk_win_64/winarm/armgcc/bin/../lib/gcc/arm-none-eabi/7.2.1/../../../../arm-none-eabi/lib/thumb/v7-m\libg_nano.a(lib_a-nano-mallocr.o)
 .debug_frame   0x00000c78       0x3c d:/oliver/embedded systems/embedded programs/imt programs/imt_sdk_win_64/winarm/armgcc/bin/../lib/gcc/arm-none-eabi/7.2.1/../../../../arm-none-eabi/lib/thumb/v7-m\libg_nano.a(lib_a-nano-reallocr.o)
 .debug_frame   0x00000cb4       0x2c d:/oliver/embedded systems/embedded programs/imt programs/imt_sdk_win_64/winarm/armgcc/bin/../lib/gcc/arm-none-eabi/7.2.1/../../../../arm-none-eabi/lib/thumb/v7-m\libg_nano.a(lib_a-sbrkr.o)
 .debug_frame   0x00000ce0       0x30 d:/oliver/embedded systems/embedded programs/imt programs/imt_sdk_win_64/winarm/armgcc/bin/../lib/gcc/arm-none-eabi/7.2.1/../../../../arm-none-eabi/lib/thumb/v7-m\libg_nano.a(lib_a-mlock.o)
 .debug_frame   0x00000d10       0x20 d:/oliver/embedded systems/embedded programs/imt programs/imt_sdk_win_64/winarm/armgcc/bin/../lib/gcc/arm-none-eabi/7.2.1/../../../../arm-none-eabi/lib/thumb/v7-m\libg_nano.a(lib_a-nano-msizer.o)

.debug_str      0x00000000    0x5723b
 *(.debug_str)
 .debug_str     0x00000000    0x4ebc2 ./system/src/stm32f1-stdperiph/stm32f10x_gpio.o
                              0x4ed3e (size before relaxing)
 .debug_str     0x0004ebc2      0xb4a ./system/src/stm32f1-stdperiph/stm32f10x_rcc.o
                              0x4f30d (size before relaxing)
 .debug_str     0x0004f70c     0x4ffb ./system/src/newlib/_exit.o
                               0x7ed9 (size before relaxing)
 .debug_str     0x00054707      0x4f5 ./system/src/newlib/_sbrk.o
                               0x728b (size before relaxing)
 .debug_str     0x00054bfc      0x260 ./system/src/newlib/_startup.o
                               0x69c6 (size before relaxing)
 .debug_str     0x00054e5c      0xe8b ./system/src/newlib/_syscalls.o
                               0x8166 (size before relaxing)
 .debug_str     0x00055ce7       0xd0 ./system/src/newlib/assert.o
                               0x89de (size before relaxing)
 .debug_str     0x00055db7      0x819 ./system/src/diag/Trace.o
                               0x8651 (size before relaxing)
 .debug_str     0x000565d0      0x37b ./system/src/diag/trace_impl.o
                              0x52a37 (size before relaxing)
 .debug_str     0x0005694b       0xb2 ./system/src/cortexm/_initialize_hardware.o
                              0x4e828 (size before relaxing)
 .debug_str     0x000569fd      0x19d ./system/src/cortexm/exception_handlers.o
                              0x53c5c (size before relaxing)
 .debug_str     0x00056b9a       0x96 ./system/src/cmsis/system_stm32f10x.o
                              0x4e8c2 (size before relaxing)
 .debug_str     0x00056c30       0x57 ./system/src/cmsis/vectors_stm32f10x.o
                               0x3867 (size before relaxing)
 .debug_str     0x00056c87      0x130 ./src/BlinkLed.o
                              0x4e9ac (size before relaxing)
 .debug_str     0x00056db7      0x3ea ./src/Timer.o
                              0x4ebdd (size before relaxing)
 .debug_str     0x000571a1       0x9a ./src/main.o
                              0x54139 (size before relaxing)

.debug_loc      0x00000000     0x1cd9
 *(.debug_loc)
 .debug_loc     0x00000000      0x870 ./system/src/stm32f1-stdperiph/stm32f10x_gpio.o
 .debug_loc     0x00000870      0xa63 ./system/src/stm32f1-stdperiph/stm32f10x_rcc.o
 .debug_loc     0x000012d3       0x85 ./system/src/newlib/_sbrk.o
 .debug_loc     0x00001358      0x1a9 ./system/src/newlib/_startup.o
 .debug_loc     0x00001501       0x63 ./system/src/newlib/_syscalls.o
 .debug_loc     0x00001564      0x134 ./system/src/newlib/assert.o
 .debug_loc     0x00001698       0xf6 ./system/src/diag/Trace.o
 .debug_loc     0x0000178e      0x121 ./system/src/diag/trace_impl.o
 .debug_loc     0x000018af      0x291 ./system/src/cortexm/exception_handlers.o
 .debug_loc     0x00001b40       0xdf ./system/src/cmsis/system_stm32f10x.o
 .debug_loc     0x00001c1f       0x59 ./src/Timer.o
 .debug_loc     0x00001c78       0x61 ./src/main.o

.debug_macinfo
 *(.debug_macinfo)

.debug_weaknames
 *(.debug_weaknames)

.debug_funcnames
 *(.debug_funcnames)

.debug_typenames
 *(.debug_typenames)

.debug_varnames
 *(.debug_varnames)
OUTPUT(LED.elf elf32-littlearm)

.debug_ranges   0x00000000      0x408
 .debug_ranges  0x00000000       0x98 ./system/src/stm32f1-stdperiph/stm32f10x_gpio.o
 .debug_ranges  0x00000098      0x108 ./system/src/stm32f1-stdperiph/stm32f10x_rcc.o
 .debug_ranges  0x000001a0       0x18 ./system/src/newlib/_exit.o
 .debug_ranges  0x000001b8       0x10 ./system/src/newlib/_sbrk.o
 .debug_ranges  0x000001c8       0x78 ./system/src/newlib/_startup.o
 .debug_ranges  0x00000240       0x20 ./system/src/newlib/_syscalls.o
 .debug_ranges  0x00000260       0x18 ./system/src/newlib/assert.o
 .debug_ranges  0x00000278       0x28 ./system/src/diag/Trace.o
 .debug_ranges  0x000002a0       0x50 ./system/src/diag/trace_impl.o
 .debug_ranges  0x000002f0       0x18 ./system/src/cortexm/_initialize_hardware.o
 .debug_ranges  0x00000308       0x80 ./system/src/cortexm/exception_handlers.o
 .debug_ranges  0x00000388       0x28 ./system/src/cmsis/system_stm32f10x.o
 .debug_ranges  0x000003b0       0x10 ./system/src/cmsis/vectors_stm32f10x.o
 .debug_ranges  0x000003c0       0x10 ./src/BlinkLed.o
 .debug_ranges  0x000003d0       0x28 ./src/Timer.o
 .debug_ranges  0x000003f8       0x10 ./src/main.o

.debug_macro    0x00000000     0x3a0a
 .debug_macro   0x00000000      0x1b9 ./system/src/stm32f1-stdperiph/stm32f10x_gpio.o
 .debug_macro   0x000001b9       0x8b ./system/src/stm32f1-stdperiph/stm32f10x_gpio.o
 .debug_macro   0x00000244      0x2a6 ./system/src/stm32f1-stdperiph/stm32f10x_gpio.o
 .debug_macro   0x000004ea      0x287 ./system/src/stm32f1-stdperiph/stm32f10x_rcc.o
 .debug_macro   0x00000771      0x3dc ./system/src/stm32f1-stdperiph/stm32f10x_rcc.o
 .debug_macro   0x00000b4d      0x1b4 ./system/src/newlib/_exit.o
 .debug_macro   0x00000d01       0x9c ./system/src/newlib/_exit.o
 .debug_macro   0x00000d9d      0x10e ./system/src/newlib/_exit.o
 .debug_macro   0x00000eab       0x8d ./system/src/newlib/_exit.o
 .debug_macro   0x00000f38       0x43 ./system/src/newlib/_exit.o
 .debug_macro   0x00000f7b      0x330 ./system/src/newlib/_exit.o
 .debug_macro   0x000012ab       0x35 ./system/src/newlib/_exit.o
 .debug_macro   0x000012e0      0x169 ./system/src/newlib/_sbrk.o
 .debug_macro   0x00001449      0x174 ./system/src/newlib/_sbrk.o
 .debug_macro   0x000015bd       0x10 ./system/src/newlib/_sbrk.o
 .debug_macro   0x000015cd      0x23b ./system/src/newlib/_sbrk.o
 .debug_macro   0x00001808      0x173 ./system/src/newlib/_startup.o
 .debug_macro   0x0000197b      0x217 ./system/src/newlib/_syscalls.o
 .debug_macro   0x00001b92       0x1c ./system/src/newlib/_syscalls.o
 .debug_macro   0x00001bae       0x10 ./system/src/newlib/_syscalls.o
 .debug_macro   0x00001bbe       0x10 ./system/src/newlib/_syscalls.o
 .debug_macro   0x00001bce       0x10 ./system/src/newlib/_syscalls.o
 .debug_macro   0x00001bde       0x35 ./system/src/newlib/_syscalls.o
 .debug_macro   0x00001c13      0x122 ./system/src/newlib/_syscalls.o
 .debug_macro   0x00001d35       0x88 ./system/src/newlib/_syscalls.o
 .debug_macro   0x00001dbd       0x2b ./system/src/newlib/_syscalls.o
 .debug_macro   0x00001de8      0x118 ./system/src/newlib/_syscalls.o
 .debug_macro   0x00001f00      0x189 ./system/src/newlib/_syscalls.o
 .debug_macro   0x00002089       0x16 ./system/src/newlib/_syscalls.o
 .debug_macro   0x0000209f      0x1d0 ./system/src/newlib/assert.o
 .debug_macro   0x0000226f       0x1c ./system/src/newlib/assert.o
 .debug_macro   0x0000228b      0x1fb ./system/src/diag/Trace.o
 .debug_macro   0x00002486       0x16 ./system/src/diag/Trace.o
 .debug_macro   0x0000249c       0x97 ./system/src/diag/Trace.o
 .debug_macro   0x00002533       0xfd ./system/src/diag/Trace.o
 .debug_macro   0x00002630       0x10 ./system/src/diag/Trace.o
 .debug_macro   0x00002640       0x16 ./system/src/diag/Trace.o
 .debug_macro   0x00002656      0x16f ./system/src/diag/Trace.o
 .debug_macro   0x000027c5       0x4c ./system/src/diag/Trace.o
 .debug_macro   0x00002811       0x16 ./system/src/diag/Trace.o
 .debug_macro   0x00002827      0x2da ./system/src/diag/trace_impl.o
 .debug_macro   0x00002b01       0x10 ./system/src/diag/trace_impl.o
 .debug_macro   0x00002b11       0xcf ./system/src/diag/trace_impl.o
 .debug_macro   0x00002be0       0xbe ./system/src/diag/trace_impl.o
 .debug_macro   0x00002c9e       0x22 ./system/src/diag/trace_impl.o
 .debug_macro   0x00002cc0      0x16b ./system/src/cortexm/_initialize_hardware.o
 .debug_macro   0x00002e2b      0x324 ./system/src/cortexm/exception_handlers.o
 .debug_macro   0x0000314f       0x3b ./system/src/cortexm/exception_handlers.o
 .debug_macro   0x0000318a       0x10 ./system/src/cortexm/exception_handlers.o
 .debug_macro   0x0000319a      0x16e ./system/src/cmsis/system_stm32f10x.o
 .debug_macro   0x00003308       0x34 ./system/src/cmsis/vectors_stm32f10x.o
 .debug_macro   0x0000333c      0x170 ./src/BlinkLed.o
 .debug_macro   0x000034ac       0x28 ./src/BlinkLed.o
 .debug_macro   0x000034d4      0x184 ./src/Timer.o
 .debug_macro   0x00003658       0x10 ./src/Timer.o
 .debug_macro   0x00003668      0x374 ./src/main.o
 .debug_macro   0x000039dc       0x2e ./src/main.o
